ARM Linker, 5.03 [Build 76] [MDK-ARM Lite]

==============================================================================

Section Cross References

    startup_lpc17xx.o(STACK) refers (Special) to heapauxi.o(.text) for __use_two_region_memory
    startup_lpc17xx.o(HEAP) refers (Special) to heapauxi.o(.text) for __use_two_region_memory
    startup_lpc17xx.o(RESET) refers (Special) to heapauxi.o(.text) for __use_two_region_memory
    startup_lpc17xx.o(RESET) refers to startup_lpc17xx.o(STACK) for __initial_sp
    startup_lpc17xx.o(RESET) refers to startup_lpc17xx.o(.text) for Reset_Handler
    startup_lpc17xx.o(RESET) refers to main.o(.text) for SysTick_Handler
    startup_lpc17xx.o(RESET) refers to uart.o(.text) for UART0_IRQHandler
    startup_lpc17xx.o(.ARM.__at_0x02FC) refers (Special) to heapauxi.o(.text) for __use_two_region_memory
    startup_lpc17xx.o(.text) refers (Special) to heapauxi.o(.text) for __use_two_region_memory
    startup_lpc17xx.o(.text) refers to system_lpc17xx.o(.text) for SystemInit
    startup_lpc17xx.o(.text) refers to __main.o(!!!main) for __main
    startup_lpc17xx.o(.text) refers to startup_lpc17xx.o(HEAP) for Heap_Mem
    startup_lpc17xx.o(.text) refers to startup_lpc17xx.o(STACK) for Stack_Mem
    system_lpc17xx.o(.text) refers to lludivv7m.o(.text) for __aeabi_uldivmod
    system_lpc17xx.o(.text) refers to system_lpc17xx.o(.data) for SystemCoreClock
    main.o(.text) refers to _printf_pad.o(.text) for _printf_pre_padding
    main.o(.text) refers to _printf_percent.o(.ARM.Collect$$_printf_percent$$00000000) for _printf_percent
    main.o(.text) refers to _printf_d.o(.ARM.Collect$$_printf_percent$$00000009) for _printf_d
    main.o(.text) refers to _printf_dec.o(.text) for _printf_int_dec
    main.o(.text) refers to _printf_f.o(.ARM.Collect$$_printf_percent$$00000003) for _printf_f
    main.o(.text) refers to printf1.o(x$fpl$printf1) for _printf_fp_dec
    main.o(.text) refers to dflt_clz.o(x$fpl$dfltu) for __aeabi_ui2d
    main.o(.text) refers to dmul.o(x$fpl$dmul) for __aeabi_dmul
    main.o(.text) refers to ddiv.o(x$fpl$ddiv) for __aeabi_ddiv
    main.o(.text) refers to sin.o(i.sin) for sin
    main.o(.text) refers to daddsub_clz.o(x$fpl$dadd) for __aeabi_dadd
    main.o(.text) refers to dfixu.o(x$fpl$dfixu) for __aeabi_d2uiz
    main.o(.text) refers to fmul.o(x$fpl$fmul) for __aeabi_fmul
    main.o(.text) refers to fdiv.o(x$fpl$fdiv) for __aeabi_fdiv
    main.o(.text) refers to fleqf.o(x$fpl$fleqf) for __aeabi_cfcmple
    main.o(.text) refers to frleqf.o(x$fpl$frleqf) for __aeabi_cfrcmple
    main.o(.text) refers to faddsub_clz.o(x$fpl$fsub) for __aeabi_fsub
    main.o(.text) refers to faddsub_clz.o(x$fpl$fadd) for __aeabi_fadd
    main.o(.text) refers to ffixu.o(x$fpl$ffixu) for __aeabi_f2uiz
    main.o(.text) refers to daddsub_clz.o(x$fpl$dsub) for __aeabi_dsub
    main.o(.text) refers to main.o(.bss) for muestras
    main.o(.text) refers to main.o(.data) for ADCant
    main.o(.text) refers to fflt_clz.o(x$fpl$ffltu) for __aeabi_ui2f
    main.o(.text) refers to main.o(.constdata) for step
    main.o(.text) refers to uart.o(.text) for tx_cadena_UART0
    main.o(.text) refers to noretval__2sprintf.o(.text) for __2sprintf
    main.o(.text) refers to fflt_clz.o(x$fpl$fflt) for __aeabi_i2f
    main.o(.text) refers to f2d.o(x$fpl$f2d) for __aeabi_f2d
    main.o(.text) refers to d2f.o(x$fpl$d2f) for __aeabi_d2f
    main.o(.text) refers to atoi.o(.text) for atoi
    uart.o(.text) refers to main.o(.data) for ptr_rx
    uart.o(.text) refers to main.o(.bss) for bufferUART
    uart.o(.text) refers to system_lpc17xx.o(.data) for SystemCoreClock
    __2sprintf.o(.text) refers to _printf_char_common.o(.text) for _printf_char_common
    __2sprintf.o(.text) refers to _sputc.o(.text) for _sputc
    noretval__2sprintf.o(.text) refers to _printf_char_common.o(.text) for _printf_char_common
    noretval__2sprintf.o(.text) refers to _sputc.o(.text) for _sputc
    __printf.o(.text) refers to _printf_percent.o(.ARM.Collect$$_printf_percent$$00000000) for _printf_percent
    _printf_dec.o(.text) refers to _printf_intcommon.o(.text) for _printf_int_common
    __printf_flags.o(.text) refers to _printf_percent.o(.ARM.Collect$$_printf_percent$$00000000) for _printf_percent
    __printf_flags.o(.text) refers to __printf_flags.o(.constdata) for .constdata
    __printf_ss.o(.text) refers to _printf_percent.o(.ARM.Collect$$_printf_percent$$00000000) for _printf_percent
    __printf_flags_ss.o(.text) refers to _printf_percent.o(.ARM.Collect$$_printf_percent$$00000000) for _printf_percent
    __printf_flags_ss.o(.text) refers to __printf_flags_ss.o(.constdata) for .constdata
    __printf_wp.o(.text) refers to __printf_wp.o(i._is_digit) for _is_digit
    __printf_wp.o(.text) refers to _printf_percent.o(.ARM.Collect$$_printf_percent$$00000000) for _printf_percent
    __printf_flags_wp.o(.text) refers to __printf_wp.o(i._is_digit) for _is_digit
[...]
    libinit2.o(.ARM.Collect$$libinit$$0000000D) refers (Weak) to rt_locale_intlibspace.o(.text) for __rt_locale
    libinit2.o(.ARM.Collect$$libinit$$0000000E) refers to libinit2.o(.ARM.Collect$$libinit$$0000000D) for .ARM.Collect$$libinit$$0000000D
    libinit2.o(.ARM.Collect$$libinit$$00000010) refers to libinit2.o(.ARM.Collect$$libinit$$0000000D) for .ARM.Collect$$libinit$$0000000D
    libinit2.o(.ARM.Collect$$libinit$$00000010) refers (Weak) to lc_ctype_c.o(locale$$code) for _get_lc_ctype
    libinit2.o(.ARM.Collect$$libinit$$00000012) refers to libinit2.o(.ARM.Collect$$libinit$$0000000D) for .ARM.Collect$$libinit$$0000000D
    libinit2.o(.ARM.Collect$$libinit$$00000014) refers to libinit2.o(.ARM.Collect$$libinit$$0000000D) for .ARM.Collect$$libinit$$0000000D
    libinit2.o(.ARM.Collect$$libinit$$00000014) refers (Weak) to lc_numeric_c.o(locale$$code) for _get_lc_numeric
    libinit2.o(.ARM.Collect$$libinit$$00000016) refers to libinit2.o(.ARM.Collect$$libinit$$0000000D) for .ARM.Collect$$libinit$$0000000D
    libinit2.o(.ARM.Collect$$libinit$$00000024) refers to argv_veneer.o(.emb_text) for __ARM_argv_veneer
    libinit2.o(.ARM.Collect$$libinit$$00000025) refers to argv_veneer.o(.emb_text) for __ARM_argv_veneer
    retnan.o(x$fpl$retnan) refers (Special) to usenofp.o(x$fpl$usenofp) for __I$use$fp
    retnan.o(x$fpl$retnan) refers to trapv.o(x$fpl$trapveneer) for __fpl_cmpreturn
    rtexit.o(.ARM.Collect$$rtexit$$00000000) refers (Special) to rtexit2.o(.ARM.Collect$$rtexit$$00000004) for __rt_exit_exit
    rtexit.o(.ARM.Collect$$rtexit$$00000000) refers (Special) to rtexit2.o(.ARM.Collect$$rtexit$$00000003) for __rt_exit_ls
    rtexit.o(.ARM.Collect$$rtexit$$00000000) refers (Special) to rtexit2.o(.ARM.Collect$$rtexit$$00000002) for __rt_exit_prels_1
    rtexit.o(.ARM.exidx) refers (Special) to rtexit2.o(.ARM.Collect$$rtexit$$00000004) for __rt_exit_exit
    rtexit.o(.ARM.exidx) refers (Special) to rtexit2.o(.ARM.Collect$$rtexit$$00000003) for __rt_exit_ls
    rtexit.o(.ARM.exidx) refers (Special) to rtexit2.o(.ARM.Collect$$rtexit$$00000002) for __rt_exit_prels_1
    rtexit.o(.ARM.exidx) refers to rtexit.o(.ARM.Collect$$rtexit$$00000000) for .ARM.Collect$$rtexit$$00000000
    rt_raise.o(.text) refers to __raise.o(.text) for __raise
    rt_raise.o(.text) refers to sys_exit.o(.text) for _sys_exit
    defsig_exit.o(.text) refers to sys_exit.o(.text) for _sys_exit
    defsig_fpe_inner.o(.text) refers to defsig_general.o(.text) for __default_signal_display
    argv_veneer.o(.emb_text) refers to no_argv.o(.text) for __ARM_get_argv
    trapv.o(x$fpl$trapveneer) refers (Special) to usenofp.o(x$fpl$usenofp) for __I$use$fp
    sys_exit.o(.text) refers (Special) to use_no_semi.o(.text) for __I$use$semihosting
    sys_exit.o(.text) refers (Special) to indicate_semi.o(.text) for __semihosting_library_function
    rtexit2.o(.ARM.Collect$$rtexit$$00000003) refers to libshutdown.o(.ARM.Collect$$libshutdown$$00000000) for __rt_lib_shutdown
    rtexit2.o(.ARM.Collect$$rtexit$$00000004) refers to sys_exit.o(.text) for _sys_exit
    rtexit2.o(.ARM.exidx) refers to rtexit2.o(.ARM.Collect$$rtexit$$00000001) for .ARM.Collect$$rtexit$$00000001
    rtexit2.o(.ARM.exidx) refers to rtexit2.o(.ARM.Collect$$rtexit$$00000003) for .ARM.Collect$$rtexit$$00000003
    rtexit2.o(.ARM.exidx) refers to rtexit2.o(.ARM.Collect$$rtexit$$00000004) for .ARM.Collect$$rtexit$$00000004
    __raise.o(.text) refers to defsig.o(CL$$defsig) for __default_signal_handler
    defsig_general.o(.text) refers to sys_wrch.o(.text) for _ttywrch
    _get_argv_nomalloc.o(.text) refers (Special) to hrguard.o(.text) for __heap_region$guard
    _get_argv_nomalloc.o(.text) refers to defsig_rtmem_outer.o(.text) for __rt_SIGRTMEM
    _get_argv_nomalloc.o(.text) refers to sys_command.o(.text) for _sys_command_string
    sys_wrch.o(.text) refers (Special) to use_no_semi.o(.text) for __I$use$semihosting
    sys_wrch.o(.text) refers (Special) to indicate_semi.o(.text) for __semihosting_library_function
    sys_command.o(.text) refers (Special) to use_no_semi.o(.text) for __I$use$semihosting
    sys_command.o(.text) refers (Special) to indicate_semi.o(.text) for __semihosting_library_function
    defsig_rtmem_outer.o(.text) refers to defsig_rtmem_inner.o(.text) for __rt_SIGRTMEM_inner
    defsig_rtmem_outer.o(.text) refers to defsig_exit.o(.text) for __sig_exit
    defsig_rtmem_formal.o(.text) refers to rt_raise.o(.text) for __rt_raise
    defsig.o(CL$$defsig) refers to defsig_fpe_inner.o(.text) for __rt_SIGFPE_inner
    defsig.o(CL$$defsig) refers to defsig_rtmem_inner.o(.text) for __rt_SIGRTMEM_inner
    libshutdown.o(.ARM.Collect$$libshutdown$$00000000) refers (Special) to libshutdown2.o(.ARM.Collect$$libshutdown$$00000006) for __rt_lib_shutdown_fp_trap_1
    libshutdown.o(.ARM.Collect$$libshutdown$$00000000) refers (Special) to libshutdown2.o(.ARM.Collect$$libshutdown$$0000000E) for __rt_lib_shutdown_heap_1
    libshutdown.o(.ARM.Collect$$libshutdown$$00000000) refers (Special) to libshutdown2.o(.ARM.Collect$$libshutdown$$0000000F) for __rt_lib_shutdown_return
    libshutdown.o(.ARM.Collect$$libshutdown$$00000000) refers (Special) to libshutdown2.o(.ARM.Collect$$libshutdown$$00000009) for __rt_lib_shutdown_signal_1
    libshutdown.o(.ARM.Collect$$libshutdown$$00000000) refers (Special) to libshutdown2.o(.ARM.Collect$$libshutdown$$00000003) for __rt_lib_shutdown_stdio_1
    libshutdown.o(.ARM.Collect$$libshutdown$$00000000) refers (Special) to libshutdown2.o(.ARM.Collect$$libshutdown$$0000000B) for __rt_lib_shutdown_user_alloc_1
    defsig_abrt_inner.o(.text) refers to defsig_general.o(.text) for __default_signal_display
    defsig_rtred_inner.o(.text) refers to defsig_general.o(.text) for __default_signal_display
    defsig_rtmem_inner.o(.text) refers to defsig_general.o(.text) for __default_signal_display
    defsig_stak_inner.o(.text) refers to defsig_general.o(.text) for __default_signal_display
    defsig_pvfn_inner.o(.text) refers to defsig_general.o(.text) for __default_signal_display
    defsig_cppl_inner.o(.text) refers to defsig_general.o(.text) for __default_signal_display
    defsig_segv_inner.o(.text) refers to defsig_general.o(.text) for __default_signal_display
    defsig_other.o(.text) refers to defsig_general.o(.text) for __default_signal_display


==============================================================================

Removing Unused input sections from the image.

    Removing system_lpc17xx.o(.rev16_text), (4 bytes).
    Removing system_lpc17xx.o(.revsh_text), (4 bytes).
    Removing main.o(.rev16_text), (4 bytes).
    Removing main.o(.revsh_text), (4 bytes).
    Removing uart.o(.rev16_text), (4 bytes).
    Removing uart.o(.revsh_text), (4 bytes).

6 unused section(s) (total 24 bytes) removed from the image.

==============================================================================

Image Symbol Table

    Local Symbols

    Symbol Name                              Value     Ov Type        Size  Object(Section)

    RESET                                    0x00000000   Section      204  startup_lpc17xx.o(RESET)
    ../clib/angel/boardlib.s                 0x00000000   Number         0  boardinit2.o ABSOLUTE
    ../clib/angel/boardlib.s                 0x00000000   Number         0  boardshut.o ABSOLUTE
    ../clib/angel/boardlib.s                 0x00000000   Number         0  boardinit3.o ABSOLUTE
    ../clib/angel/boardlib.s                 0x00000000   Number         0  boardinit1.o ABSOLUTE
    ../clib/angel/handlers.s                 0x00000000   Number         0  __scatter_zi.o ABSOLUTE
    ../clib/angel/handlers.s                 0x00000000   Number         0  __scatter_copy.o ABSOLUTE
    ../clib/angel/kernel.s                   0x00000000   Number         0  rtentry2.o ABSOLUTE
    ../clib/angel/kernel.s                   0x00000000   Number         0  rtentry4.o ABSOLUTE
    ../clib/angel/kernel.s                   0x00000000   Number         0  rtentry.o ABSOLUTE
    ../clib/angel/kernel.s                   0x00000000   Number         0  rtexit.o ABSOLUTE
    ../clib/angel/kernel.s                   0x00000000   Number         0  rtexit2.o ABSOLUTE
    ../clib/angel/rt.s                       0x00000000   Number         0  rt_locale_intlibspace.o ABSOLUTE
    ../clib/angel/rt.s                       0x00000000   Number         0  rt_locale.o ABSOLUTE
    ../clib/angel/rt.s                       0x00000000   Number         0  rt_div0.o ABSOLUTE
    ../clib/angel/rt.s                       0x00000000   Number         0  rt_ctype_table.o ABSOLUTE
    ../clib/angel/rt.s                       0x00000000   Number         0  rt_errno_addr_intlibspace.o ABSOLUTE
    ../clib/angel/rt.s                       0x00000000   Number         0  aeabi_ldiv0.o ABSOLUTE
    ../clib/angel/rt.s                       0x00000000   Number         0  rt_errno_addr.o ABSOLUTE
    ../clib/angel/rt.s                       0x00000000   Number         0  aeabi_ldiv0_sigfpe.o ABSOLUTE
    ../clib/angel/rt.s                       0x00000000   Number         0  rt_raise.o ABSOLUTE
    ../clib/angel/scatter.s                  0x00000000   Number         0  __scatter.o ABSOLUTE
    ../clib/angel/startup.s                  0x00000000   Number         0  __main.o ABSOLUTE
    ../clib/angel/sys.s                      0x00000000   Number         0  libspace.o ABSOLUTE
    ../clib/angel/sys.s                      0x00000000   Number         0  indicate_semi.o ABSOLUTE
    ../clib/angel/sys.s                      0x00000000   Number         0  use_no_semi.o ABSOLUTE
    ../clib/angel/sys.s                      0x00000000   Number         0  sys_stackheap_outer.o ABSOLUTE
    ../clib/angel/sysapp.c                   0x00000000   Number         0  sys_command.o ABSOLUTE
    ../clib/angel/sysapp.c                   0x00000000   Number         0  sys_wrch.o ABSOLUTE
    ../clib/angel/sysapp.c                   0x00000000   Number         0  sys_exit.o ABSOLUTE
    ../clib/armsys.c                         0x00000000   Number         0  _get_argv_nomalloc.o ABSOLUTE
    ../clib/armsys.c                         0x00000000   Number         0  argv_veneer.o ABSOLUTE
    ../clib/armsys.c                         0x00000000   Number         0  argv_veneer.o ABSOLUTE
    ../clib/armsys.c                         0x00000000   Number         0  no_argv.o ABSOLUTE
    ../clib/bigflt.c                         0x00000000   Number         0  bigflt0.o ABSOLUTE
    ../clib/btod.s                           0x00000000   Number         0  btod.o ABSOLUTE
    ../clib/fenv.c                           0x00000000   Number         0  _rserrno.o ABSOLUTE
    ../clib/heapalloc.c                      0x00000000   Number         0  hrguard.o ABSOLUTE
    ../clib/heapaux.c                        0x00000000   Number         0  heapauxi.o ABSOLUTE
    ../clib/libinit.s                        0x00000000   Number         0  libshutdown2.o ABSOLUTE
    ../clib/libinit.s                        0x00000000   Number         0  libshutdown.o ABSOLUTE
    ../clib/libinit.s                        0x00000000   Number         0  libinit.o ABSOLUTE
    ../clib/libinit.s                        0x00000000   Number         0  libinit2.o ABSOLUTE
    ../clib/locale.s                         0x00000000   Number         0  lc_ctype_c.o ABSOLUTE
    ../clib/locale.s                         0x00000000   Number         0  lc_numeric_c.o ABSOLUTE
    ../clib/longlong.s                       0x00000000   Number         0  lludivv7m.o ABSOLUTE
    ../clib/longlong.s                       0x00000000   Number         0  lludiv10.o ABSOLUTE
    ../clib/memcpset.s                       0x00000000   Number         0  strcmpv7m.o ABSOLUTE
    ../clib/misc.s                           0x00000000   Number         0  printf_stubs.o ABSOLUTE
    ../clib/printf.c                         0x00000000   Number         0  __printf.o ABSOLUTE
    ../clib/printf.c                         0x00000000   Number         0  _printf_pad.o ABSOLUTE
    ../clib/printf.c                         0x00000000   Number         0  _printf_dec.o ABSOLUTE
    ../clib/printf.c                         0x00000000   Number         0  __printf_flags.o ABSOLUTE
    ../clib/printf.c                         0x00000000   Number         0  __printf_ss.o ABSOLUTE
    ../clib/printf.c                         0x00000000   Number         0  _printf_char_common.o ABSOLUTE
    ../clib/printf.c                         0x00000000   Number         0  __printf_wp.o ABSOLUTE
    ../clib/printf.c                         0x00000000   Number         0  _printf_fp_dec.o ABSOLUTE
    ../clib/printf.c                         0x00000000   Number         0  __printf_flags_ss.o ABSOLUTE
    ../clib/printf.c                         0x00000000   Number         0  __printf_flags_wp.o ABSOLUTE
    ../clib/printf.c                         0x00000000   Number         0  __printf_ss_wp.o ABSOLUTE
    ../clib/printf.c                         0x00000000   Number         0  _sputc.o ABSOLUTE
    ../clib/printf.c                         0x00000000   Number         0  __printf_flags_ss_wp.o ABSOLUTE
    ../clib/printf.c                         0x00000000   Number         0  _printf_intcommon.o ABSOLUTE
    ../clib/printf.c                         0x00000000   Number         0  __2sprintf.o ABSOLUTE
    ../clib/printf.c                         0x00000000   Number         0  noretval__2sprintf.o ABSOLUTE
    ../clib/printf.c                         0x00000000   Number         0  __printf_nopercent.o ABSOLUTE
    ../clib/printf.c                         0x00000000   Number         0  _printf_fp_infnan.o ABSOLUTE
    ../clib/printf_percent.s                 0x00000000   Number         0  _printf_percent_end.o ABSOLUTE
    ../clib/printf_percent.s                 0x00000000   Number         0  _printf_percent.o ABSOLUTE
    ../clib/printf_percent.s                 0x00000000   Number         0  _printf_f.o ABSOLUTE
    ../clib/printf_percent.s                 0x00000000   Number         0  _printf_d.o ABSOLUTE
    ../clib/scanf.c                          0x00000000   Number         0  strtol.o ABSOLUTE
    ../clib/scanf.c                          0x00000000   Number         0  _chval.o ABSOLUTE
    ../clib/scanf.c                          0x00000000   Number         0  _strtoul.o ABSOLUTE
    ../clib/scanf.c                          0x00000000   Number         0  atoi.o ABSOLUTE
    ../clib/signal.c                         0x00000000   Number         0  defsig_fpe_inner.o ABSOLUTE
    ../clib/signal.c                         0x00000000   Number         0  defsig_exit.o ABSOLUTE
    ../clib/signal.c                         0x00000000   Number         0  defsig_fpe_formal.o ABSOLUTE
    ../clib/signal.c                         0x00000000   Number         0  defsig_fpe_outer.o ABSOLUTE
    ../clib/signal.c                         0x00000000   Number         0  defsig_other.o ABSOLUTE
    ../clib/signal.c                         0x00000000   Number         0  defsig_segv_inner.o ABSOLUTE
    ../clib/signal.c                         0x00000000   Number         0  defsig_cppl_inner.o ABSOLUTE
    ../clib/signal.c                         0x00000000   Number         0  defsig_pvfn_inner.o ABSOLUTE
    ../clib/signal.c                         0x00000000   Number         0  defsig_stak_inner.o ABSOLUTE
    ../clib/signal.c                         0x00000000   Number         0  defsig_rtmem_inner.o ABSOLUTE
    ../clib/signal.c                         0x00000000   Number         0  defsig_abrt_inner.o ABSOLUTE
    ../clib/signal.c                         0x00000000   Number         0  defsig_general.o ABSOLUTE
    ../clib/signal.c                         0x00000000   Number         0  defsig_rtmem_formal.o ABSOLUTE
    ../clib/signal.c                         0x00000000   Number         0  defsig_rtmem_outer.o ABSOLUTE
    ../clib/signal.c                         0x00000000   Number         0  defsig_rtred_inner.o ABSOLUTE
    ../clib/signal.c                         0x00000000   Number         0  __raise.o ABSOLUTE
    ../clib/signal.s                         0x00000000   Number         0  defsig.o ABSOLUTE
    ../clib/stdlib.c                         0x00000000   Number         0  exit.o ABSOLUTE
    ../fplib/d2f.s                           0x00000000   Number         0  d2f.o ABSOLUTE
    ../fplib/daddsub.s                       0x00000000   Number         0  daddsub_clz.o ABSOLUTE
    ../fplib/dcheck1.s                       0x00000000   Number         0  dcheck1.o ABSOLUTE
    ../fplib/ddiv.s                          0x00000000   Number         0  ddiv.o ABSOLUTE
    ../fplib/dfix.s                          0x00000000   Number         0  dfix.o ABSOLUTE
    ../fplib/dfixu.s                         0x00000000   Number         0  dfixu.o ABSOLUTE
    ../fplib/dflt.s                          0x00000000   Number         0  dflt_clz.o ABSOLUTE
    ../fplib/dmul.s                          0x00000000   Number         0  dmul.o ABSOLUTE
    ../fplib/dnaninf.s                       0x00000000   Number         0  dnaninf.o ABSOLUTE
    ../fplib/dretinf.s                       0x00000000   Number         0  dretinf.o ABSOLUTE
    ../fplib/f2d.s                           0x00000000   Number         0  f2d.o ABSOLUTE
    ../fplib/faddsub.s                       0x00000000   Number         0  faddsub_clz.o ABSOLUTE
    ../fplib/fcmpi.s                         0x00000000   Number         0  fcmpi.o ABSOLUTE
    ../fplib/fdiv.s                          0x00000000   Number         0  fdiv.o ABSOLUTE
    ../fplib/ffixu.s                         0x00000000   Number         0  ffixu.o ABSOLUTE
    ../fplib/fflt.s                          0x00000000   Number         0  fflt_clz.o ABSOLUTE
    ../fplib/fleqf.s                         0x00000000   Number         0  fleqf.o ABSOLUTE
    ../fplib/fmul.s                          0x00000000   Number         0  fmul.o ABSOLUTE
    ../fplib/fnaninf.s                       0x00000000   Number         0  fnaninf.o ABSOLUTE
    ../fplib/fpinit.s                        0x00000000   Number         0  fpinit.o ABSOLUTE
    ../fplib/fretinf.s                       0x00000000   Number         0  fretinf.o ABSOLUTE
    ../fplib/frleqf.s                        0x00000000   Number         0  frleqf.o ABSOLUTE
    ../fplib/istatus.s                       0x00000000   Number         0  istatus.o ABSOLUTE
    ../fplib/printf1.s                       0x00000000   Number         0  printf1.o ABSOLUTE
    ../fplib/retnan.s                        0x00000000   Number         0  retnan.o ABSOLUTE
    ../fplib/scalbn.s                        0x00000000   Number         0  scalbn.o ABSOLUTE
    ../fplib/trapv.s                         0x00000000   Number         0  trapv.o ABSOLUTE
    ../fplib/usenofp.s                       0x00000000   Number         0  usenofp.o ABSOLUTE
    ../mathlib/cos_i.c                       0x00000000   Number         0  cos_i.o ABSOLUTE
    ../mathlib/dunder.c                      0x00000000   Number         0  dunder.o ABSOLUTE
    ../mathlib/fpclassify.c                  0x00000000   Number         0  fpclassify.o ABSOLUTE
    ../mathlib/poly.c                        0x00000000   Number         0  poly.o ABSOLUTE
    ../mathlib/rred.c                        0x00000000   Number         0  rred.o ABSOLUTE
    ../mathlib/sin.c                         0x00000000   Number         0  sin_x.o ABSOLUTE
    ../mathlib/sin.c                         0x00000000   Number         0  sin.o ABSOLUTE
    ../mathlib/sin_i.c                       0x00000000   Number         0  sin_i.o ABSOLUTE
    ../mathlib/sin_i.c                       0x00000000   Number         0  sin_i_x.o ABSOLUTE
    dc.s                                     0x00000000   Number         0  dc.o ABSOLUTE
    main.c                                   0x00000000   Number         0  main.o ABSOLUTE
    main.c                                   0x00000000   Number         0  main.o ABSOLUTE
    startup_LPC17xx.s                        0x00000000   Number         0  startup_lpc17xx.o ABSOLUTE
    system_LPC17xx.c                         0x00000000   Number         0  system_lpc17xx.o ABSOLUTE
    system_LPC17xx.c                         0x00000000   Number         0  system_lpc17xx.o ABSOLUTE
    uart.c                                   0x00000000   Number         0  uart.o ABSOLUTE
    uart.c                                   0x00000000   Number         0  uart.o ABSOLUTE
    !!!main                                  0x000000cc   Section        8  __main.o(!!!main)
    !!!scatter                               0x000000d4   Section       52  __scatter.o(!!!scatter)
    !!handler_copy                           0x00000108   Section       26  __scatter_copy.o(!!handler_copy)
    !!handler_zi                             0x00000124   Section       28  __scatter_zi.o(!!handler_zi)
    .ARM.Collect$$_printf_percent$$00000000  0x00000140   Section        0  _printf_percent.o(.ARM.Collect$$_printf_percent$$00000000)
    .ARM.Collect$$_printf_percent$$00000003  0x00000140   Section        6  _printf_f.o(.ARM.Collect$$_printf_percent$$00000003)
    .ARM.Collect$$_printf_percent$$00000009  0x00000146   Section        6  _printf_d.o(.ARM.Collect$$_printf_percent$$00000009)
    .ARM.Collect$$_printf_percent$$00000017  0x0000014c   Section        4  _printf_percent_end.o(.ARM.Collect$$_printf_percent$$00000017)
    .ARM.Collect$$libinit$$00000000          0x00000150   Section        2  libinit.o(.ARM.Collect$$libinit$$00000000)
    .ARM.Collect$$libinit$$00000002          0x00000152   Section        0  libinit2.o(.ARM.Collect$$libinit$$00000002)
    .ARM.Collect$$libinit$$00000008          0x00000152   Section        0  libinit2.o(.ARM.Collect$$libinit$$00000008)
    .ARM.Collect$$libinit$$0000000A          0x00000152   Section        0  libinit2.o(.ARM.Collect$$libinit$$0000000A)
    .ARM.Collect$$libinit$$0000000C          0x00000152   Section        0  libinit2.o(.ARM.Collect$$libinit$$0000000C)
    .ARM.Collect$$libinit$$0000000D          0x00000152   Section        6  libinit2.o(.ARM.Collect$$libinit$$0000000D)
    .ARM.Collect$$libinit$$0000000F          0x00000158   Section        0  libinit2.o(.ARM.Collect$$libinit$$0000000F)
    .ARM.Collect$$libinit$$00000010          0x00000158   Section       12  libinit2.o(.ARM.Collect$$libinit$$00000010)
    .ARM.Collect$$libinit$$00000011          0x00000164   Section        0  libinit2.o(.ARM.Collect$$libinit$$00000011)
    .ARM.Collect$$libinit$$00000013          0x00000164   Section        0  libinit2.o(.ARM.Collect$$libinit$$00000013)
    .ARM.Collect$$libinit$$00000014          0x00000164   Section       10  libinit2.o(.ARM.Collect$$libinit$$00000014)
    .ARM.Collect$$libinit$$00000015          0x0000016e   Section        0  libinit2.o(.ARM.Collect$$libinit$$00000015)
    .ARM.Collect$$libinit$$00000017          0x0000016e   Section        0  libinit2.o(.ARM.Collect$$libinit$$00000017)
    .ARM.Collect$$libinit$$00000019          0x0000016e   Section        0  libinit2.o(.ARM.Collect$$libinit$$00000019)
    .ARM.Collect$$libinit$$0000001B          0x0000016e   Section        0  libinit2.o(.ARM.Collect$$libinit$$0000001B)
    .ARM.Collect$$libinit$$0000001D          0x0000016e   Section        0  libinit2.o(.ARM.Collect$$libinit$$0000001D)
    .ARM.Collect$$libinit$$0000001F          0x0000016e   Section        0  libinit2.o(.ARM.Collect$$libinit$$0000001F)
    .ARM.Collect$$libinit$$00000021          0x0000016e   Section        0  libinit2.o(.ARM.Collect$$libinit$$00000021)
    .ARM.Collect$$libinit$$00000023          0x0000016e   Section        0  libinit2.o(.ARM.Collect$$libinit$$00000023)
    .ARM.Collect$$libinit$$0000002A          0x0000016e   Section        0  libinit2.o(.ARM.Collect$$libinit$$0000002A)
    .ARM.Collect$$libinit$$0000002C          0x0000016e   Section        0  libinit2.o(.ARM.Collect$$libinit$$0000002C)
    .ARM.Collect$$libinit$$0000002E          0x0000016e   Section        0  libinit2.o(.ARM.Collect$$libinit$$0000002E)
    .ARM.Collect$$libinit$$00000030          0x0000016e   Section        0  libinit2.o(.ARM.Collect$$libinit$$00000030)
    .ARM.Collect$$libinit$$00000031          0x0000016e   Section        2  libinit2.o(.ARM.Collect$$libinit$$00000031)
    .ARM.Collect$$libshutdown$$00000000      0x00000170   Section        2  libshutdown.o(.ARM.Collect$$libshutdown$$00000000)
    .ARM.Collect$$libshutdown$$00000003      0x00000172   Section        0  libshutdown2.o(.ARM.Collect$$libshutdown$$00000003)
    .ARM.Collect$$libshutdown$$00000006      0x00000172   Section        0  libshutdown2.o(.ARM.Collect$$libshutdown$$00000006)
    .ARM.Collect$$libshutdown$$00000009      0x00000172   Section        0  libshutdown2.o(.ARM.Collect$$libshutdown$$00000009)
    .ARM.Collect$$libshutdown$$0000000B      0x00000172   Section        0  libshutdown2.o(.ARM.Collect$$libshutdown$$0000000B)
    .ARM.Collect$$libshutdown$$0000000E      0x00000172   Section        0  libshutdown2.o(.ARM.Collect$$libshutdown$$0000000E)
    .ARM.Collect$$libshutdown$$0000000F      0x00000172   Section        2  libshutdown2.o(.ARM.Collect$$libshutdown$$0000000F)
    .ARM.Collect$$rtentry$$00000000          0x00000174   Section        0  rtentry.o(.ARM.Collect$$rtentry$$00000000)
    .ARM.Collect$$rtentry$$00000002          0x00000174   Section        0  rtentry2.o(.ARM.Collect$$rtentry$$00000002)
    .ARM.Collect$$rtentry$$00000004          0x00000174   Section        6  rtentry4.o(.ARM.Collect$$rtentry$$00000004)
    .ARM.Collect$$rtentry$$00000009          0x0000017a   Section        0  rtentry2.o(.ARM.Collect$$rtentry$$00000009)
    .ARM.Collect$$rtentry$$0000000A          0x0000017a   Section        4  rtentry2.o(.ARM.Collect$$rtentry$$0000000A)
    .ARM.Collect$$rtentry$$0000000C          0x0000017e   Section        0  rtentry2.o(.ARM.Collect$$rtentry$$0000000C)
    .ARM.Collect$$rtentry$$0000000D          0x0000017e   Section        8  rtentry2.o(.ARM.Collect$$rtentry$$0000000D)
    .ARM.Collect$$rtexit$$00000000           0x00000186   Section        2  rtexit.o(.ARM.Collect$$rtexit$$00000000)
    .ARM.Collect$$rtexit$$00000002           0x00000188   Section        0  rtexit2.o(.ARM.Collect$$rtexit$$00000002)
    .ARM.Collect$$rtexit$$00000003           0x00000188   Section        4  rtexit2.o(.ARM.Collect$$rtexit$$00000003)
    .ARM.Collect$$rtexit$$00000004           0x0000018c   Section        6  rtexit2.o(.ARM.Collect$$rtexit$$00000004)
    .text                                    0x00000194   Section       60  startup_lpc17xx.o(.text)
    .text                                    0x000001d0   Section      238  lludivv7m.o(.text)
    .text                                    0x000002c0   Section        0  noretval__2sprintf.o(.text)
    .text                                    0x000002e8   Section        0  heapauxi.o(.text)
    .text                                    0x000002f0   Section        8  rt_errno_addr_intlibspace.o(.text)
    .text                                    0x000002f8   Section        2  use_no_semi.o(.text)
    .text                                    0x000002fa   Section        0  indicate_semi.o(.text)
    x$fpl$usenofp                            0x000002fa   Section        0  usenofp.o(x$fpl$usenofp)
    .ARM.__at_0x02FC                         0x000002fc   Section        4  startup_lpc17xx.o(.ARM.__at_0x02FC)
    .text                                    0x00000300   Section        0  system_lpc17xx.o(.text)
    .text                                    0x00000618   Section        0  main.o(.text)
    NVIC_SetPriority                         0x00000619   Thumb Code    32  main.o(.text)
    NVIC_EnableIRQ                           0x000012bf   Thumb Code    24  main.o(.text)
    .text                                    0x000014dc   Section        0  uart.o(.text)
    uart0_set_baudrate                       0x0000156b   Thumb Code   250  uart.o(.text)
    .text                                    0x000016d0   Section        0  _printf_pad.o(.text)
    .text                                    0x00001724   Section        0  _printf_dec.o(.text)
    .text                                    0x0000179c   Section        0  __printf_wp.o(.text)
    .text                                    0x000018aa   Section        0  atoi.o(.text)
    .text                                    0x000018c4   Section        0  _rserrno.o(.text)
    .text                                    0x000018da   Section        0  _printf_intcommon.o(.text)
    .text                                    0x00001992   Section        0  _printf_fp_dec.o(.text)
    _fp_digits                               0x00001995   Thumb Code   426  _printf_fp_dec.o(.text)
    .text                                    0x00001db4   Section        0  _printf_char_common.o(.text)
    _printf_input_char                       0x00001db5   Thumb Code    10  _printf_char_common.o(.text)
    .text                                    0x00001de4   Section        0  _sputc.o(.text)
    .text                                    0x00001dee   Section        0  strtol.o(.text)
    .text                                    0x00001e60   Section        8  libspace.o(.text)
    .text                                    0x00001e68   Section       16  rt_ctype_table.o(.text)
    .text                                    0x00001e78   Section        8  rt_locale_intlibspace.o(.text)
    .text                                    0x00001e80   Section      138  lludiv10.o(.text)
    .text                                    0x00001f0c   Section        0  _printf_fp_infnan.o(.text)
    .text                                    0x00001f8c   Section        0  _strtoul.o(.text)
    .text                                    0x0000202c   Section        0  bigflt0.o(.text)
    .text                                    0x00002110   Section       74  sys_stackheap_outer.o(.text)
    .text                                    0x0000215a   Section        0  _chval.o(.text)
    .text                                    0x00002176   Section        0  exit.o(.text)
    .text                                    0x00002184   Section      128  strcmpv7m.o(.text)
    .text                                    0x00002204   Section        0  sys_exit.o(.text)
    CL$$btod_d2e                             0x00002210   Section       62  btod.o(CL$$btod_d2e)
    CL$$btod_d2e_denorm_low                  0x0000224e   Section       70  btod.o(CL$$btod_d2e_denorm_low)
    CL$$btod_d2e_norm_op1                    0x00002294   Section       96  btod.o(CL$$btod_d2e_norm_op1)
    CL$$btod_div_common                      0x000022f4   Section      824  btod.o(CL$$btod_div_common)
    CL$$btod_e2e                             0x0000262c   Section      198  btod.o(CL$$btod_e2e)
    CL$$btod_ediv                            0x000026f2   Section       40  btod.o(CL$$btod_ediv)
    CL$$btod_emul                            0x0000271a   Section       40  btod.o(CL$$btod_emul)
    CL$$btod_mult_common                     0x00002742   Section      580  btod.o(CL$$btod_mult_common)
    i.__ARM_fpclassify                       0x00002986   Section        0  fpclassify.o(i.__ARM_fpclassify)
    i.__ieee754_rem_pio2                     0x000029b0   Section        0  rred.o(i.__ieee754_rem_pio2)
    i.__kernel_cos                           0x00002d38   Section        0  cos_i.o(i.__kernel_cos)
    i.__kernel_poly                          0x00002e34   Section        0  poly.o(i.__kernel_poly)
    i.__kernel_sin                           0x00002ee0   Section        0  sin_i.o(i.__kernel_sin)
    i.__mathlib_dbl_underflow                0x00002fcc   Section        0  dunder.o(i.__mathlib_dbl_underflow)
    i._is_digit                              0x00002fdc   Section        0  __printf_wp.o(i._is_digit)
    i.sin                                    0x00002fec   Section        0  sin.o(i.sin)
    locale$$code                             0x0000309c   Section       44  lc_numeric_c.o(locale$$code)
    locale$$code                             0x000030c8   Section       44  lc_ctype_c.o(locale$$code)
    x$fpl$d2f                                0x000030f4   Section       98  d2f.o(x$fpl$d2f)
    x$fpl$dadd                               0x00003158   Section      336  daddsub_clz.o(x$fpl$dadd)
    _dadd1                                   0x00003169   Thumb Code     0  daddsub_clz.o(x$fpl$dadd)
    x$fpl$dcheck1                            0x000032a8   Section       16  dcheck1.o(x$fpl$dcheck1)
    x$fpl$ddiv                               0x000032b8   Section      688  ddiv.o(x$fpl$ddiv)
    ddiv_entry                               0x000032bf   Thumb Code     0  ddiv.o(x$fpl$ddiv)
    x$fpl$dfix                               0x00003568   Section       94  dfix.o(x$fpl$dfix)
    x$fpl$dfixu                              0x000035c8   Section       90  dfixu.o(x$fpl$dfixu)
    x$fpl$dflt                               0x00003622   Section       46  dflt_clz.o(x$fpl$dflt)
    x$fpl$dfltu                              0x00003650   Section       38  dflt_clz.o(x$fpl$dfltu)
    x$fpl$dmul                               0x00003678   Section      340  dmul.o(x$fpl$dmul)
    x$fpl$dnaninf                            0x000037cc   Section      156  dnaninf.o(x$fpl$dnaninf)
    x$fpl$dretinf                            0x00003868   Section       12  dretinf.o(x$fpl$dretinf)
    x$fpl$drsb                               0x00003874   Section       22  daddsub_clz.o(x$fpl$drsb)
    x$fpl$dsub                               0x0000388c   Section      468  daddsub_clz.o(x$fpl$dsub)
    _dsub1                                   0x0000389d   Thumb Code     0  daddsub_clz.o(x$fpl$dsub)
    x$fpl$f2d                                0x00003a60   Section       86  f2d.o(x$fpl$f2d)
    x$fpl$fadd                               0x00003ab8   Section      196  faddsub_clz.o(x$fpl$fadd)
    _fadd1                                   0x00003ac7   Thumb Code     0  faddsub_clz.o(x$fpl$fadd)
    x$fpl$fcmpinf                            0x00003b7c   Section       24  fcmpi.o(x$fpl$fcmpinf)
    x$fpl$fdiv                               0x00003b94   Section      388  fdiv.o(x$fpl$fdiv)
    _fdiv1                                   0x00003b95   Thumb Code     0  fdiv.o(x$fpl$fdiv)
    x$fpl$ffixu                              0x00003d18   Section       62  ffixu.o(x$fpl$ffixu)
    x$fpl$fflt                               0x00003d58   Section       48  fflt_clz.o(x$fpl$fflt)
    x$fpl$ffltu                              0x00003d88   Section       38  fflt_clz.o(x$fpl$ffltu)
    x$fpl$fleqf                              0x00003db0   Section      104  fleqf.o(x$fpl$fleqf)
    x$fpl$fmul                               0x00003e18   Section      258  fmul.o(x$fpl$fmul)
    x$fpl$fnaninf                            0x00003f1a   Section      140  fnaninf.o(x$fpl$fnaninf)
    x$fpl$fretinf                            0x00003fa6   Section       10  fretinf.o(x$fpl$fretinf)
    x$fpl$frleqf                             0x00003fb0   Section       98  frleqf.o(x$fpl$frleqf)
    x$fpl$fsub                               0x00004014   Section      234  faddsub_clz.o(x$fpl$fsub)
    _fsub1                                   0x00004023   Thumb Code     0  faddsub_clz.o(x$fpl$fsub)
    x$fpl$printf1                            0x000040fe   Section        4  printf1.o(x$fpl$printf1)
    x$fpl$retnan                             0x00004102   Section      100  retnan.o(x$fpl$retnan)
    x$fpl$scalbn                             0x00004166   Section       92  scalbn.o(x$fpl$scalbn)
    x$fpl$trapveneer                         0x000041c2   Section       48  trapv.o(x$fpl$trapveneer)
    .constdata                               0x000041f4   Section       32  main.o(.constdata)
    .constdata                               0x00004218   Section       48  cos_i.o(.constdata)
    C                                        0x00004218   Data          48  cos_i.o(.constdata)
    .constdata                               0x00004248   Section      200  rred.o(.constdata)
    pio2s                                    0x00004248   Data          48  rred.o(.constdata)
    twooverpi                                0x00004278   Data         152  rred.o(.constdata)
    .constdata                               0x00004310   Section       40  sin_i.o(.constdata)
    S                                        0x00004310   Data          40  sin_i.o(.constdata)
    .constdata                               0x00004338   Section      148  bigflt0.o(.constdata)
    tenpwrs_x                                0x00004338   Data          60  bigflt0.o(.constdata)
    tenpwrs_i                                0x00004374   Data          64  bigflt0.o(.constdata)
    locale$$data                             0x000043ec   Section       28  lc_numeric_c.o(locale$$data)
    __lcnum_c_name                           0x000043f0   Data           2  lc_numeric_c.o(locale$$data)
    __lcnum_c_start                          0x000043f8   Data           0  lc_numeric_c.o(locale$$data)
    __lcnum_c_point                          0x00004404   Data           0  lc_numeric_c.o(locale$$data)
    __lcnum_c_thousands                      0x00004406   Data           0  lc_numeric_c.o(locale$$data)
    __lcnum_c_grouping                       0x00004407   Data           0  lc_numeric_c.o(locale$$data)
    locale$$data                             0x00004408   Section      272  lc_ctype_c.o(locale$$data)
    __lcnum_c_end                            0x00004408   Data           0  lc_numeric_c.o(locale$$data)
    __lcctype_c_name                         0x0000440c   Data           2  lc_ctype_c.o(locale$$data)
    __lcctype_c_start                        0x00004414   Data           0  lc_ctype_c.o(locale$$data)
    __lcctype_c_end                          0x00004518   Data           0  lc_ctype_c.o(locale$$data)
    .data                                    0x10000000   Section        4  system_lpc17xx.o(.data)
    .data                                    0x10000004   Section       63  main.o(.data)
    indice_muestra                           0x10000030   Data           1  main.o(.data)
    .bss                                     0x10000044   Section      290  main.o(.bss)
    .bss                                     0x10000168   Section       96  libspace.o(.bss)
    HEAP                                     0x100001c8   Section        0  startup_lpc17xx.o(HEAP)
    STACK                                    0x100001c8   Section      512  startup_lpc17xx.o(STACK)
    Heap_Mem                                 0x100001c8   Data           0  startup_lpc17xx.o(HEAP)
    Stack_Mem                                0x100001c8   Data         512  startup_lpc17xx.o(STACK)
    __initial_sp                             0x100003c8   Data           0  startup_lpc17xx.o(STACK)

    Global Symbols

    Symbol Name                              Value     Ov Type        Size  Object(Section)

    BuildAttributes$$THM_ISAv4$P$D$K$B$S$PE$A:L22UL41UL21$X:L11$S22US41US21$IEEE1$IW$USESV6$~STKCKD$USESV7$~SHL$OTIME$ROPI$IEEEX$EBA8$UX$STANDARDLIB$REQ8$PRES8$EABIv2 0x00000000   Number         0  anon$$obj.o ABSOLUTE
    __ARM_use_no_argv                        0x00000000   Number         0  main.o ABSOLUTE
    __Vectors                                0x00000000   Data           4  startup_lpc17xx.o(RESET)
    _printf_flags                            0x00000000   Number         0  printf_stubs.o ABSOLUTE
    _printf_return_value                     0x00000000   Number         0  printf_stubs.o ABSOLUTE
    _printf_sizespec                         0x00000000   Number         0  printf_stubs.o ABSOLUTE
    _printf_widthprec                        0x00000000   Number         0  printf_stubs.o ABSOLUTE
    __ARM_exceptions_init                     - Undefined Weak Reference
    __alloca_initialize                       - Undefined Weak Reference
    __cpp_initialize__aeabi_                  - Undefined Weak Reference
    __cxa_finalize                            - Undefined Weak Reference
    __sigvec_lookup                           - Undefined Weak Reference
    _atexit_init                              - Undefined Weak Reference
    _call_atexit_fns                          - Undefined Weak Reference
    _clock_init                               - Undefined Weak Reference
    _fp_trap_init                             - Undefined Weak Reference
    _fp_trap_shutdown                         - Undefined Weak Reference
    _get_lc_collate                           - Undefined Weak Reference
    _get_lc_monetary                          - Undefined Weak Reference
    _get_lc_time                              - Undefined Weak Reference
    _getenv_init                              - Undefined Weak Reference
    _handle_redirection                       - Undefined Weak Reference
    _init_alloc                               - Undefined Weak Reference
    _init_user_alloc                          - Undefined Weak Reference
    _initio                                   - Undefined Weak Reference
    _printf_truncate_signed                   - Undefined Weak Reference
    _printf_truncate_unsigned                 - Undefined Weak Reference
    _rand_init                                - Undefined Weak Reference
    _signal_finish                            - Undefined Weak Reference
    _signal_init                              - Undefined Weak Reference
    _terminate_alloc                          - Undefined Weak Reference
    _terminate_user_alloc                     - Undefined Weak Reference
    _terminateio                              - Undefined Weak Reference
    __main                                   0x000000cd   Thumb Code     8  __main.o(!!!main)
    __scatterload                            0x000000d5   Thumb Code     0  __scatter.o(!!!scatter)
    __scatterload_rt2                        0x000000d5   Thumb Code    44  __scatter.o(!!!scatter)
    __scatterload_rt2_thumb_only             0x000000d5   Thumb Code     0  __scatter.o(!!!scatter)
    __scatterload_null                       0x000000e3   Thumb Code     0  __scatter.o(!!!scatter)
    __scatterload_copy                       0x00000109   Thumb Code    26  __scatter_copy.o(!!handler_copy)
    __scatterload_zeroinit                   0x00000125   Thumb Code    28  __scatter_zi.o(!!handler_zi)
    _printf_f                                0x00000141   Thumb Code     0  _printf_f.o(.ARM.Collect$$_printf_percent$$00000003)
    _printf_percent                          0x00000141   Thumb Code     0  _printf_percent.o(.ARM.Collect$$_printf_percent$$00000000)
    _printf_d                                0x00000147   Thumb Code     0  _printf_d.o(.ARM.Collect$$_printf_percent$$00000009)
    _printf_percent_end                      0x0000014d   Thumb Code     0  _printf_percent_end.o(.ARM.Collect$$_printf_percent$$00000017)
    __rt_lib_init                            0x00000151   Thumb Code     0  libinit.o(.ARM.Collect$$libinit$$00000000)
    __rt_lib_init_fp_1                       0x00000153   Thumb Code     0  libinit2.o(.ARM.Collect$$libinit$$00000002)
    __rt_lib_init_heap_1                     0x00000153   Thumb Code     0  libinit2.o(.ARM.Collect$$libinit$$00000008)
    __rt_lib_init_lc_common                  0x00000153   Thumb Code     0  libinit2.o(.ARM.Collect$$libinit$$0000000D)
    __rt_lib_init_rand_1                     0x00000153   Thumb Code     0  libinit2.o(.ARM.Collect$$libinit$$0000000C)
    __rt_lib_init_user_alloc_1               0x00000153   Thumb Code     0  libinit2.o(.ARM.Collect$$libinit$$0000000A)
    __rt_lib_init_lc_collate_1               0x00000159   Thumb Code     0  libinit2.o(.ARM.Collect$$libinit$$0000000F)
    __rt_lib_init_lc_ctype_2                 0x00000159   Thumb Code     0  libinit2.o(.ARM.Collect$$libinit$$00000010)
    __rt_lib_init_lc_ctype_1                 0x00000165   Thumb Code     0  libinit2.o(.ARM.Collect$$libinit$$00000011)
    __rt_lib_init_lc_monetary_1              0x00000165   Thumb Code     0  libinit2.o(.ARM.Collect$$libinit$$00000013)
    __rt_lib_init_lc_numeric_2               0x00000165   Thumb Code     0  libinit2.o(.ARM.Collect$$libinit$$00000014)
    __rt_lib_init_alloca_1                   0x0000016f   Thumb Code     0  libinit2.o(.ARM.Collect$$libinit$$0000002C)
    __rt_lib_init_argv_1                     0x0000016f   Thumb Code     0  libinit2.o(.ARM.Collect$$libinit$$0000002A)
    __rt_lib_init_atexit_1                   0x0000016f   Thumb Code     0  libinit2.o(.ARM.Collect$$libinit$$00000019)
    __rt_lib_init_clock_1                    0x0000016f   Thumb Code     0  libinit2.o(.ARM.Collect$$libinit$$0000001F)
    __rt_lib_init_cpp_1                      0x0000016f   Thumb Code     0  libinit2.o(.ARM.Collect$$libinit$$00000030)
    __rt_lib_init_exceptions_1               0x0000016f   Thumb Code     0  libinit2.o(.ARM.Collect$$libinit$$0000002E)
    __rt_lib_init_fp_trap_1                  0x0000016f   Thumb Code     0  libinit2.o(.ARM.Collect$$libinit$$0000001D)
    __rt_lib_init_getenv_1                   0x0000016f   Thumb Code     0  libinit2.o(.ARM.Collect$$libinit$$00000021)
    __rt_lib_init_lc_numeric_1               0x0000016f   Thumb Code     0  libinit2.o(.ARM.Collect$$libinit$$00000015)
    __rt_lib_init_lc_time_1                  0x0000016f   Thumb Code     0  libinit2.o(.ARM.Collect$$libinit$$00000017)
    __rt_lib_init_return                     0x0000016f   Thumb Code     0  libinit2.o(.ARM.Collect$$libinit$$00000031)
    __rt_lib_init_signal_1                   0x0000016f   Thumb Code     0  libinit2.o(.ARM.Collect$$libinit$$0000001B)
    __rt_lib_init_stdio_1                    0x0000016f   Thumb Code     0  libinit2.o(.ARM.Collect$$libinit$$00000023)
    __rt_lib_shutdown                        0x00000171   Thumb Code     0  libshutdown.o(.ARM.Collect$$libshutdown$$00000000)
    __rt_lib_shutdown_fp_trap_1              0x00000173   Thumb Code     0  libshutdown2.o(.ARM.Collect$$libshutdown$$00000006)
    __rt_lib_shutdown_heap_1                 0x00000173   Thumb Code     0  libshutdown2.o(.ARM.Collect$$libshutdown$$0000000E)
    __rt_lib_shutdown_return                 0x00000173   Thumb Code     0  libshutdown2.o(.ARM.Collect$$libshutdown$$0000000F)
    __rt_lib_shutdown_signal_1               0x00000173   Thumb Code     0  libshutdown2.o(.ARM.Collect$$libshutdown$$00000009)
    __rt_lib_shutdown_stdio_1                0x00000173   Thumb Code     0  libshutdown2.o(.ARM.Collect$$libshutdown$$00000003)
    __rt_lib_shutdown_user_alloc_1           0x00000173   Thumb Code     0  libshutdown2.o(.ARM.Collect$$libshutdown$$0000000B)
    __rt_entry                               0x00000175   Thumb Code     0  rtentry.o(.ARM.Collect$$rtentry$$00000000)
    __rt_entry_presh_1                       0x00000175   Thumb Code     0  rtentry2.o(.ARM.Collect$$rtentry$$00000002)
    __rt_entry_sh                            0x00000175   Thumb Code     0  rtentry4.o(.ARM.Collect$$rtentry$$00000004)
    __rt_entry_li                            0x0000017b   Thumb Code     0  rtentry2.o(.ARM.Collect$$rtentry$$0000000A)
    __rt_entry_postsh_1                      0x0000017b   Thumb Code     0  rtentry2.o(.ARM.Collect$$rtentry$$00000009)
    __rt_entry_main                          0x0000017f   Thumb Code     0  rtentry2.o(.ARM.Collect$$rtentry$$0000000D)
    __rt_entry_postli_1                      0x0000017f   Thumb Code     0  rtentry2.o(.ARM.Collect$$rtentry$$0000000C)
    __rt_exit                                0x00000187   Thumb Code     0  rtexit.o(.ARM.Collect$$rtexit$$00000000)
    __rt_exit_ls                             0x00000189   Thumb Code     0  rtexit2.o(.ARM.Collect$$rtexit$$00000003)
    __rt_exit_prels_1                        0x00000189   Thumb Code     0  rtexit2.o(.ARM.Collect$$rtexit$$00000002)
    __rt_exit_exit                           0x0000018d   Thumb Code     0  rtexit2.o(.ARM.Collect$$rtexit$$00000004)
    Reset_Handler                            0x00000195   Thumb Code     8  startup_lpc17xx.o(.text)
    NMI_Handler                              0x0000019d   Thumb Code     2  startup_lpc17xx.o(.text)
    HardFault_Handler                        0x0000019f   Thumb Code     2  startup_lpc17xx.o(.text)
    MemManage_Handler                        0x000001a1   Thumb Code     2  startup_lpc17xx.o(.text)
    BusFault_Handler                         0x000001a3   Thumb Code     2  startup_lpc17xx.o(.text)
    UsageFault_Handler                       0x000001a5   Thumb Code     2  startup_lpc17xx.o(.text)
    SVC_Handler                              0x000001a7   Thumb Code     2  startup_lpc17xx.o(.text)
    DebugMon_Handler                         0x000001a9   Thumb Code     2  startup_lpc17xx.o(.text)
    PendSV_Handler                           0x000001ab   Thumb Code     2  startup_lpc17xx.o(.text)
    BOD_IRQHandler                           0x000001af   Thumb Code     0  startup_lpc17xx.o(.text)
    CANActivity_IRQHandler                   0x000001af   Thumb Code     0  startup_lpc17xx.o(.text)
    CAN_IRQHandler                           0x000001af   Thumb Code     0  startup_lpc17xx.o(.text)
    DMA_IRQHandler                           0x000001af   Thumb Code     0  startup_lpc17xx.o(.text)
    EINT1_IRQHandler                         0x000001af   Thumb Code     0  startup_lpc17xx.o(.text)
    EINT2_IRQHandler                         0x000001af   Thumb Code     0  startup_lpc17xx.o(.text)
    EINT3_IRQHandler                         0x000001af   Thumb Code     0  startup_lpc17xx.o(.text)
    ENET_IRQHandler                          0x000001af   Thumb Code     0  startup_lpc17xx.o(.text)
    I2C0_IRQHandler                          0x000001af   Thumb Code     0  startup_lpc17xx.o(.text)
    I2C1_IRQHandler                          0x000001af   Thumb Code     0  startup_lpc17xx.o(.text)
    I2C2_IRQHandler                          0x000001af   Thumb Code     0  startup_lpc17xx.o(.text)
    I2S_IRQHandler                           0x000001af   Thumb Code     0  startup_lpc17xx.o(.text)
    MCPWM_IRQHandler                         0x000001af   Thumb Code     0  startup_lpc17xx.o(.text)
    PLL0_IRQHandler                          0x000001af   Thumb Code     0  startup_lpc17xx.o(.text)
    PLL1_IRQHandler                          0x000001af   Thumb Code     0  startup_lpc17xx.o(.text)
    PWM1_IRQHandler                          0x000001af   Thumb Code     0  startup_lpc17xx.o(.text)
    QEI_IRQHandler                           0x000001af   Thumb Code     0  startup_lpc17xx.o(.text)
    RIT_IRQHandler                           0x000001af   Thumb Code     0  startup_lpc17xx.o(.text)
    RTC_IRQHandler                           0x000001af   Thumb Code     0  startup_lpc17xx.o(.text)
    SPI_IRQHandler                           0x000001af   Thumb Code     0  startup_lpc17xx.o(.text)
    SSP0_IRQHandler                          0x000001af   Thumb Code     0  startup_lpc17xx.o(.text)
    SSP1_IRQHandler                          0x000001af   Thumb Code     0  startup_lpc17xx.o(.text)
    TIMER1_IRQHandler                        0x000001af   Thumb Code     0  startup_lpc17xx.o(.text)
    TIMER2_IRQHandler                        0x000001af   Thumb Code     0  startup_lpc17xx.o(.text)
    TIMER3_IRQHandler                        0x000001af   Thumb Code     0  startup_lpc17xx.o(.text)
    UART1_IRQHandler                         0x000001af   Thumb Code     0  startup_lpc17xx.o(.text)
    UART2_IRQHandler                         0x000001af   Thumb Code     0  startup_lpc17xx.o(.text)
    UART3_IRQHandler                         0x000001af   Thumb Code     0  startup_lpc17xx.o(.text)
    USBActivity_IRQHandler                   0x000001af   Thumb Code     0  startup_lpc17xx.o(.text)
    USB_IRQHandler                           0x000001af   Thumb Code     0  startup_lpc17xx.o(.text)
    WDT_IRQHandler                           0x000001af   Thumb Code     0  startup_lpc17xx.o(.text)
    __user_initial_stackheap                 0x000001b1   Thumb Code     0  startup_lpc17xx.o(.text)
    __aeabi_uldivmod                         0x000001d1   Thumb Code     0  lludivv7m.o(.text)
    _ll_udiv                                 0x000001d1   Thumb Code   238  lludivv7m.o(.text)
    __2sprintf                               0x000002c1   Thumb Code    34  noretval__2sprintf.o(.text)
    __use_two_region_memory                  0x000002e9   Thumb Code     2  heapauxi.o(.text)
    __rt_heap_escrow$2region                 0x000002eb   Thumb Code     2  heapauxi.o(.text)
    __rt_heap_expand$2region                 0x000002ed   Thumb Code     2  heapauxi.o(.text)
    __aeabi_errno_addr                       0x000002f1   Thumb Code     8  rt_errno_addr_intlibspace.o(.text)
    __errno$intlibspace                      0x000002f1   Thumb Code     0  rt_errno_addr_intlibspace.o(.text)
    __rt_errno_addr$intlibspace              0x000002f1   Thumb Code     0  rt_errno_addr_intlibspace.o(.text)
    __I$use$semihosting                      0x000002f9   Thumb Code     0  use_no_semi.o(.text)
    __use_no_semihosting_swi                 0x000002f9   Thumb Code     2  use_no_semi.o(.text)
    __I$use$fp                               0x000002fa   Number         0  usenofp.o(x$fpl$usenofp)
    __semihosting_library_function           0x000002fb   Thumb Code     0  indicate_semi.o(.text)
    SystemCoreClockUpdate                    0x00000301   Thumb Code   424  system_lpc17xx.o(.text)
    SystemInit                               0x000004a9   Thumb Code   290  system_lpc17xx.o(.text)
    I2Cdelay                                 0x00000639   Thumb Code    14  main.o(.text)
    pulso_SCL                                0x00000647   Thumb Code    24  main.o(.text)
    I2CSendByte                              0x0000065f   Thumb Code    74  main.o(.text)
    I2CSendAddr                              0x000006a9   Thumb Code    68  main.o(.text)
    I2CGetByte                               0x000006ed   Thumb Code   100  main.o(.text)
    I2CSendStop                              0x00000751   Thumb Code    34  main.o(.text)
    delay                                    0x00000773   Thumb Code    14  main.o(.text)
    ConfigPines                              0x00000781   Thumb Code    92  main.o(.text)
    genera_muestras                          0x000007dd   Thumb Code   114  main.o(.text)
    Config_ADC                               0x0000084f   Thumb Code    82  main.o(.text)
    DistanciaADC                             0x000008a1   Thumb Code   532  main.o(.text)
    Config_DAC                               0x00000ab5   Thumb Code    30  main.o(.text)
    Config_TIMER0                            0x00000ad3   Thumb Code    94  main.o(.text)
    Config_TIMER1                            0x00000b31   Thumb Code    40  main.o(.text)
    Config_I2C                               0x00000b59   Thumb Code    68  main.o(.text)
    I2C_Temperatura                          0x00000b9d   Thumb Code    86  main.o(.text)
    TIMER0_IRQHandler                        0x00000bf3   Thumb Code    56  main.o(.text)
    ADC_IRQHandler                           0x00000c2b   Thumb Code    24  main.o(.text)
    ModoAuto                                 0x00000c43   Thumb Code   222  main.o(.text)
    ModoManualDcha                           0x00000d21   Thumb Code    84  main.o(.text)
    ModoManualIzq                            0x00000d75   Thumb Code    84  main.o(.text)
    EINT0_IRQHandler                         0x00000dc9   Thumb Code    66  main.o(.text)
    SysTick_Handler                          0x00000e0b   Thumb Code   394  main.o(.text)
    config_UART                              0x00000f95   Thumb Code   114  main.o(.text)
    main                                     0x00001007   Thumb Code   696  main.o(.text)
    UART0_IRQHandler                         0x000014dd   Thumb Code   110  uart.o(.text)
    tx_cadena_UART0                          0x0000154b   Thumb Code    32  uart.o(.text)
    uart0_init                               0x00001665   Thumb Code    72  uart.o(.text)
    _printf_pre_padding                      0x000016d1   Thumb Code    46  _printf_pad.o(.text)
    _printf_post_padding                     0x000016ff   Thumb Code    36  _printf_pad.o(.text)
    _printf_int_dec                          0x00001725   Thumb Code   102  _printf_dec.o(.text)
    __printf                                 0x0000179d   Thumb Code   270  __printf_wp.o(.text)
    atoi                                     0x000018ab   Thumb Code    26  atoi.o(.text)
    __read_errno                             0x000018c5   Thumb Code    10  _rserrno.o(.text)
    __set_errno                              0x000018cf   Thumb Code    12  _rserrno.o(.text)
    _printf_int_common                       0x000018db   Thumb Code   184  _printf_intcommon.o(.text)
    __lib_sel_fp_printf                      0x00001993   Thumb Code     2  _printf_fp_dec.o(.text)
    _printf_fp_dec_real                      0x00001b3f   Thumb Code   628  _printf_fp_dec.o(.text)
    _printf_char_common                      0x00001dbf   Thumb Code    32  _printf_char_common.o(.text)
    _sputc                                   0x00001de5   Thumb Code    10  _sputc.o(.text)
    strtol                                   0x00001def   Thumb Code   112  strtol.o(.text)
    __user_libspace                          0x00001e61   Thumb Code     8  libspace.o(.text)
    __user_perproc_libspace                  0x00001e61   Thumb Code     0  libspace.o(.text)
    __user_perthread_libspace                0x00001e61   Thumb Code     0  libspace.o(.text)
    __rt_ctype_table                         0x00001e69   Thumb Code    16  rt_ctype_table.o(.text)
    __rt_locale                              0x00001e79   Thumb Code     8  rt_locale_intlibspace.o(.text)
    _ll_udiv10                               0x00001e81   Thumb Code   138  lludiv10.o(.text)
    _printf_fp_infnan                        0x00001f0d   Thumb Code   112  _printf_fp_infnan.o(.text)
    _strtoul                                 0x00001f8d   Thumb Code   158  _strtoul.o(.text)
    _btod_etento                             0x0000202d   Thumb Code   222  bigflt0.o(.text)
    __user_setup_stackheap                   0x00002111   Thumb Code    74  sys_stackheap_outer.o(.text)
    _chval                                   0x0000215b   Thumb Code    28  _chval.o(.text)
    exit                                     0x00002177   Thumb Code    12  exit.o(.text)
    strcmp                                   0x00002185   Thumb Code   128  strcmpv7m.o(.text)
    _sys_exit                                0x00002205   Thumb Code     8  sys_exit.o(.text)
    _btod_d2e                                0x00002211   Thumb Code    62  btod.o(CL$$btod_d2e)
    _d2e_denorm_low                          0x0000224f   Thumb Code    70  btod.o(CL$$btod_d2e_denorm_low)
    _d2e_norm_op1                            0x00002295   Thumb Code    96  btod.o(CL$$btod_d2e_norm_op1)
    __btod_div_common                        0x000022f5   Thumb Code   696  btod.o(CL$$btod_div_common)
    _e2e                                     0x0000262d   Thumb Code   198  btod.o(CL$$btod_e2e)
    _btod_ediv                               0x000026f3   Thumb Code    40  btod.o(CL$$btod_ediv)
    _btod_emul                               0x0000271b   Thumb Code    40  btod.o(CL$$btod_emul)
    __btod_mult_common                       0x00002743   Thumb Code   580  btod.o(CL$$btod_mult_common)
    __ARM_fpclassify                         0x00002987   Thumb Code    40  fpclassify.o(i.__ARM_fpclassify)
    __ieee754_rem_pio2                       0x000029b1   Thumb Code   832  rred.o(i.__ieee754_rem_pio2)
    __kernel_cos                             0x00002d39   Thumb Code   230  cos_i.o(i.__kernel_cos)
    __kernel_poly                            0x00002e35   Thumb Code   170  poly.o(i.__kernel_poly)
    __kernel_sin                             0x00002ee1   Thumb Code   224  sin_i.o(i.__kernel_sin)
    __mathlib_dbl_underflow                  0x00002fcd   Thumb Code    10  dunder.o(i.__mathlib_dbl_underflow)
    _is_digit                                0x00002fdd   Thumb Code    14  __printf_wp.o(i._is_digit)
    sin                                      0x00002fed   Thumb Code   166  sin.o(i.sin)
    _get_lc_numeric                          0x0000309d   Thumb Code    44  lc_numeric_c.o(locale$$code)
    _get_lc_ctype                            0x000030c9   Thumb Code    44  lc_ctype_c.o(locale$$code)
    __aeabi_d2f                              0x000030f5   Thumb Code     0  d2f.o(x$fpl$d2f)
    _d2f                                     0x000030f5   Thumb Code    98  d2f.o(x$fpl$d2f)
    __aeabi_dadd                             0x00003159   Thumb Code     0  daddsub_clz.o(x$fpl$dadd)
    _dadd                                    0x00003159   Thumb Code   332  daddsub_clz.o(x$fpl$dadd)
    __fpl_dcheck_NaN1                        0x000032a9   Thumb Code    10  dcheck1.o(x$fpl$dcheck1)
    __aeabi_ddiv                             0x000032b9   Thumb Code     0  ddiv.o(x$fpl$ddiv)
    _ddiv                                    0x000032b9   Thumb Code   552  ddiv.o(x$fpl$ddiv)
    __aeabi_d2iz                             0x00003569   Thumb Code     0  dfix.o(x$fpl$dfix)
    _dfix                                    0x00003569   Thumb Code    94  dfix.o(x$fpl$dfix)
    __aeabi_d2uiz                            0x000035c9   Thumb Code     0  dfixu.o(x$fpl$dfixu)
    _dfixu                                   0x000035c9   Thumb Code    90  dfixu.o(x$fpl$dfixu)
    __aeabi_i2d                              0x00003623   Thumb Code     0  dflt_clz.o(x$fpl$dflt)
    _dflt                                    0x00003623   Thumb Code    46  dflt_clz.o(x$fpl$dflt)
    __aeabi_ui2d                             0x00003651   Thumb Code     0  dflt_clz.o(x$fpl$dfltu)
    _dfltu                                   0x00003651   Thumb Code    38  dflt_clz.o(x$fpl$dfltu)
    __aeabi_dmul                             0x00003679   Thumb Code     0  dmul.o(x$fpl$dmul)
    _dmul                                    0x00003679   Thumb Code   332  dmul.o(x$fpl$dmul)
    __fpl_dnaninf                            0x000037cd   Thumb Code   156  dnaninf.o(x$fpl$dnaninf)
    __fpl_dretinf                            0x00003869   Thumb Code    12  dretinf.o(x$fpl$dretinf)
    __aeabi_drsub                            0x00003875   Thumb Code     0  daddsub_clz.o(x$fpl$drsb)
    _drsb                                    0x00003875   Thumb Code    22  daddsub_clz.o(x$fpl$drsb)
    __aeabi_dsub                             0x0000388d   Thumb Code     0  daddsub_clz.o(x$fpl$dsub)
    _dsub                                    0x0000388d   Thumb Code   464  daddsub_clz.o(x$fpl$dsub)
    __aeabi_f2d                              0x00003a61   Thumb Code     0  f2d.o(x$fpl$f2d)
    _f2d                                     0x00003a61   Thumb Code    86  f2d.o(x$fpl$f2d)
    __aeabi_fadd                             0x00003ab9   Thumb Code     0  faddsub_clz.o(x$fpl$fadd)
    _fadd                                    0x00003ab9   Thumb Code   196  faddsub_clz.o(x$fpl$fadd)
    __fpl_fcmp_Inf                           0x00003b7d   Thumb Code    24  fcmpi.o(x$fpl$fcmpinf)
    __aeabi_fdiv                             0x00003b95   Thumb Code     0  fdiv.o(x$fpl$fdiv)
    _fdiv                                    0x00003b95   Thumb Code   384  fdiv.o(x$fpl$fdiv)
    __aeabi_f2uiz                            0x00003d19   Thumb Code     0  ffixu.o(x$fpl$ffixu)
    _ffixu                                   0x00003d19   Thumb Code    62  ffixu.o(x$fpl$ffixu)
    __aeabi_i2f                              0x00003d59   Thumb Code     0  fflt_clz.o(x$fpl$fflt)
    _fflt                                    0x00003d59   Thumb Code    48  fflt_clz.o(x$fpl$fflt)
    __aeabi_ui2f                             0x00003d89   Thumb Code     0  fflt_clz.o(x$fpl$ffltu)
    _ffltu                                   0x00003d89   Thumb Code    38  fflt_clz.o(x$fpl$ffltu)
    __aeabi_cfcmple                          0x00003db1   Thumb Code     0  fleqf.o(x$fpl$fleqf)
    _fcmple                                  0x00003db1   Thumb Code   104  fleqf.o(x$fpl$fleqf)
    __fpl_fcmple_InfNaN                      0x00003e03   Thumb Code     0  fleqf.o(x$fpl$fleqf)
    __aeabi_fmul                             0x00003e19   Thumb Code     0  fmul.o(x$fpl$fmul)
    _fmul                                    0x00003e19   Thumb Code   258  fmul.o(x$fpl$fmul)
    __fpl_fnaninf                            0x00003f1b   Thumb Code   140  fnaninf.o(x$fpl$fnaninf)
    __fpl_fretinf                            0x00003fa7   Thumb Code    10  fretinf.o(x$fpl$fretinf)
    __aeabi_cfrcmple                         0x00003fb1   Thumb Code     0  frleqf.o(x$fpl$frleqf)
    _frcmple                                 0x00003fb1   Thumb Code    98  frleqf.o(x$fpl$frleqf)
    __aeabi_fsub                             0x00004015   Thumb Code     0  faddsub_clz.o(x$fpl$fsub)
    _fsub                                    0x00004015   Thumb Code   234  faddsub_clz.o(x$fpl$fsub)
    _printf_fp_dec                           0x000040ff   Thumb Code     4  printf1.o(x$fpl$printf1)
    __fpl_return_NaN                         0x00004103   Thumb Code   100  retnan.o(x$fpl$retnan)
    __ARM_scalbn                             0x00004167   Thumb Code    92  scalbn.o(x$fpl$scalbn)
    __fpl_cmpreturn                          0x000041c3   Thumb Code    48  trapv.o(x$fpl$trapveneer)
    step                                     0x000041f4   Data          32  main.o(.constdata)
    Region$$Table$$Base                      0x000043cc   Number         0  anon$$obj.o(Region$$Table)
    Region$$Table$$Limit                     0x000043ec   Number         0  anon$$obj.o(Region$$Table)
    __ctype                                  0x00004415   Data           0  lc_ctype_c.o(locale$$data)
    SystemCoreClock                          0x10000000   Data           4  system_lpc17xx.o(.data)
    num_pulso                                0x10000004   Data           1  main.o(.data)
    key1                                     0x10000005   Data           1  main.o(.data)
    key2                                     0x10000006   Data           1  main.o(.data)
    pulsado                                  0x10000007   Data           1  main.o(.data)
    vuelta                                   0x10000008   Data           1  main.o(.data)
    retardo                                  0x10000009   Data           1  main.o(.data)
    unavez                                   0x1000000a   Data           1  main.o(.data)
    cambio                                   0x1000000b   Data           1  main.o(.data)
    contmanual                               0x1000000c   Data           2  main.o(.data)
    contauto                                 0x1000000e   Data           2  main.o(.data)
    stop                                     0x10000010   Data           2  main.o(.data)
    rep_man_LCD                              0x10000012   Data           2  main.o(.data)
    contador                                 0x10000014   Data           2  main.o(.data)
    ADCant                                   0x10000018   Data           4  main.o(.data)
    mVsharp                                  0x1000001c   Data           4  main.o(.data)
    distancia                                0x10000020   Data           2  main.o(.data)
    time_ADC                                 0x10000022   Data           2  main.o(.data)
    umbral                                   0x10000024   Data           2  main.o(.data)
    frecuenciaDAC                            0x10000026   Data           2  main.o(.data)
    opcion                                   0x10000028   Data           1  main.o(.data)
    modoUART                                 0x10000029   Data           1  main.o(.data)
    time_temp                                0x1000002a   Data           2  main.o(.data)
    temperatura                              0x1000002c   Data           4  main.o(.data)
    modo                                     0x10000031   Data           1  main.o(.data)
    aux                                      0x10000032   Data           1  main.o(.data)
    modo_trabajo                             0x10000033   Data           1  main.o(.data)
    ptr_rx                                   0x10000034   Data           4  main.o(.data)
    rx_completa                              0x10000038   Data           1  main.o(.data)
    ptr_tx                                   0x1000003c   Data           4  main.o(.data)
    tx_completa                              0x10000040   Data           1  main.o(.data)
    precision                                0x10000041   Data           1  main.o(.data)
    signo                                    0x10000042   Data           1  main.o(.data)
    muestras                                 0x10000044   Data         200  main.o(.bss)
    buffer                                   0x1000010c   Data          30  main.o(.bss)
    bufferLCD                                0x1000012a   Data          30  main.o(.bss)
    bufferUART                               0x10000148   Data          30  main.o(.bss)
    __libspace_start                         0x10000168   Data          96  libspace.o(.bss)
    __temporary_stack_top$libspace           0x100001c8   Data           0  libspace.o(.bss)



==============================================================================

Memory Map of the image

  Image Entry point : 0x00000195

  Load Region LR_1 (Base: 0x00000000, Size: 0x0000455c, Max: 0xffffffff, ABSOLUTE)

    Execution Region ER_RO (Base: 0x00000000, Size: 0x00004518, Max: 0xffffffff, ABSOLUTE)

    Base Addr    Size         Type   Attr      Idx    E Section Name        Object

    0x00000000   0x000000cc   Data   RO            3    RESET               startup_lpc17xx.o
    0x000000cc   0x00000008   Code   RO          178  * !!!main             c_w.l(__main.o)
    0x000000d4   0x00000034   Code   RO          517    !!!scatter          c_w.l(__scatter.o)
    0x00000108   0x0000001a   Code   RO          519    !!handler_copy      c_w.l(__scatter_copy.o)
    0x00000122   0x00000002   PAD
    0x00000124   0x0000001c   Code   RO          521    !!handler_zi        c_w.l(__scatter_zi.o)
    0x00000140   0x00000000   Code   RO          173    .ARM.Collect$$_printf_percent$$00000000  c_w.l(_printf_percent.o)
    0x00000140   0x00000006   Code   RO          172    .ARM.Collect$$_printf_percent$$00000003  c_w.l(_printf_f.o)
    0x00000146   0x00000006   Code   RO          171    .ARM.Collect$$_printf_percent$$00000009  c_w.l(_printf_d.o)
    0x0000014c   0x00000004   Code   RO          262    .ARM.Collect$$_printf_percent$$00000017  c_w.l(_printf_percent_end.o)
    0x00000150   0x00000002   Code   RO          389    .ARM.Collect$$libinit$$00000000  c_w.l(libinit.o)
    0x00000152   0x00000000   Code   RO          391    .ARM.Collect$$libinit$$00000002  c_w.l(libinit2.o)
    0x00000152   0x00000000   Code   RO          394    .ARM.Collect$$libinit$$00000008  c_w.l(libinit2.o)
    0x00000152   0x00000000   Code   RO          396    .ARM.Collect$$libinit$$0000000A  c_w.l(libinit2.o)
    0x00000152   0x00000000   Code   RO          398    .ARM.Collect$$libinit$$0000000C  c_w.l(libinit2.o)
    0x00000152   0x00000006   Code   RO          399    .ARM.Collect$$libinit$$0000000D  c_w.l(libinit2.o)
    0x00000158   0x00000000   Code   RO          401    .ARM.Collect$$libinit$$0000000F  c_w.l(libinit2.o)
    0x00000158   0x0000000c   Code   RO          402    .ARM.Collect$$libinit$$00000010  c_w.l(libinit2.o)
    0x00000164   0x00000000   Code   RO          403    .ARM.Collect$$libinit$$00000011  c_w.l(libinit2.o)
    0x00000164   0x00000000   Code   RO          405    .ARM.Collect$$libinit$$00000013  c_w.l(libinit2.o)
    0x00000164   0x0000000a   Code   RO          406    .ARM.Collect$$libinit$$00000014  c_w.l(libinit2.o)
    0x0000016e   0x00000000   Code   RO          407    .ARM.Collect$$libinit$$00000015  c_w.l(libinit2.o)
    0x0000016e   0x00000000   Code   RO          409    .ARM.Collect$$libinit$$00000017  c_w.l(libinit2.o)
    0x0000016e   0x00000000   Code   RO          411    .ARM.Collect$$libinit$$00000019  c_w.l(libinit2.o)
    0x0000016e   0x00000000   Code   RO          413    .ARM.Collect$$libinit$$0000001B  c_w.l(libinit2.o)
    0x0000016e   0x00000000   Code   RO          415    .ARM.Collect$$libinit$$0000001D  c_w.l(libinit2.o)
    0x0000016e   0x00000000   Code   RO          417    .ARM.Collect$$libinit$$0000001F  c_w.l(libinit2.o)
    0x0000016e   0x00000000   Code   RO          419    .ARM.Collect$$libinit$$00000021  c_w.l(libinit2.o)
    0x0000016e   0x00000000   Code   RO          421    .ARM.Collect$$libinit$$00000023  c_w.l(libinit2.o)
    0x0000016e   0x00000000   Code   RO          425    .ARM.Collect$$libinit$$0000002A  c_w.l(libinit2.o)
    0x0000016e   0x00000000   Code   RO          427    .ARM.Collect$$libinit$$0000002C  c_w.l(libinit2.o)
    0x0000016e   0x00000000   Code   RO          429    .ARM.Collect$$libinit$$0000002E  c_w.l(libinit2.o)
    0x0000016e   0x00000000   Code   RO          431    .ARM.Collect$$libinit$$00000030  c_w.l(libinit2.o)
    0x0000016e   0x00000002   Code   RO          432    .ARM.Collect$$libinit$$00000031  c_w.l(libinit2.o)
    0x00000170   0x00000002   Code   RO          483    .ARM.Collect$$libshutdown$$00000000  c_w.l(libshutdown.o)
    0x00000172   0x00000000   Code   RO          502    .ARM.Collect$$libshutdown$$00000003  c_w.l(libshutdown2.o)
    0x00000172   0x00000000   Code   RO          505    .ARM.Collect$$libshutdown$$00000006  c_w.l(libshutdown2.o)
    0x00000172   0x00000000   Code   RO          508    .ARM.Collect$$libshutdown$$00000009  c_w.l(libshutdown2.o)
    0x00000172   0x00000000   Code   RO          510    .ARM.Collect$$libshutdown$$0000000B  c_w.l(libshutdown2.o)
    0x00000172   0x00000000   Code   RO          513    .ARM.Collect$$libshutdown$$0000000E  c_w.l(libshutdown2.o)
    0x00000172   0x00000002   Code   RO          514    .ARM.Collect$$libshutdown$$0000000F  c_w.l(libshutdown2.o)
    0x00000174   0x00000000   Code   RO          242    .ARM.Collect$$rtentry$$00000000  c_w.l(rtentry.o)
    0x00000174   0x00000000   Code   RO          296    .ARM.Collect$$rtentry$$00000002  c_w.l(rtentry2.o)
    0x00000174   0x00000006   Code   RO          308    .ARM.Collect$$rtentry$$00000004  c_w.l(rtentry4.o)
    0x0000017a   0x00000000   Code   RO          298    .ARM.Collect$$rtentry$$00000009  c_w.l(rtentry2.o)
    0x0000017a   0x00000004   Code   RO          299    .ARM.Collect$$rtentry$$0000000A  c_w.l(rtentry2.o)
    0x0000017e   0x00000000   Code   RO          301    .ARM.Collect$$rtentry$$0000000C  c_w.l(rtentry2.o)
    0x0000017e   0x00000008   Code   RO          302    .ARM.Collect$$rtentry$$0000000D  c_w.l(rtentry2.o)
    0x00000186   0x00000002   Code   RO          435    .ARM.Collect$$rtexit$$00000000  c_w.l(rtexit.o)
    0x00000188   0x00000000   Code   RO          452    .ARM.Collect$$rtexit$$00000002  c_w.l(rtexit2.o)
    0x00000188   0x00000004   Code   RO          453    .ARM.Collect$$rtexit$$00000003  c_w.l(rtexit2.o)
    0x0000018c   0x00000006   Code   RO          454    .ARM.Collect$$rtexit$$00000004  c_w.l(rtexit2.o)
    0x00000192   0x00000002   PAD
    0x00000194   0x0000003c   Code   RO            5  * .text               startup_lpc17xx.o
    0x000001d0   0x000000ee   Code   RO          139    .text               c_w.l(lludivv7m.o)
    0x000002be   0x00000002   PAD
    0x000002c0   0x00000028   Code   RO          143    .text               c_w.l(noretval__2sprintf.o)
    0x000002e8   0x00000006   Code   RO          176    .text               c_w.l(heapauxi.o)
    0x000002ee   0x00000002   PAD
    0x000002f0   0x00000008   Code   RO          250    .text               c_w.l(rt_errno_addr_intlibspace.o)
    0x000002f8   0x00000002   Code   RO          470    .text               c_w.l(use_no_semi.o)
    0x000002fa   0x00000000   Code   RO          472    .text               c_w.l(indicate_semi.o)
    0x000002fa   0x00000000   Code   RO          277    x$fpl$usenofp       fz_ws.l(usenofp.o)
    0x000002fa   0x00000002   PAD
    0x000002fc   0x00000004   Code   RO            4    .ARM.__at_0x02FC    startup_lpc17xx.o
    0x00000300   0x00000318   Code   RO           15    .text               system_lpc17xx.o
    0x00000618   0x00000ec4   Code   RO           58    .text               main.o
    0x000014dc   0x000001f4   Code   RO          111    .text               uart.o
    0x000016d0   0x00000052   Code   RO          147    .text               c_w.l(_printf_pad.o)
    0x00001722   0x00000002   PAD
    0x00001724   0x00000078   Code   RO          149    .text               c_w.l(_printf_dec.o)
    0x0000179c   0x0000010e   Code   RO          159    .text               c_w.l(__printf_wp.o)
    0x000018aa   0x0000001a   Code   RO          174    .text               c_w.l(atoi.o)
    0x000018c4   0x00000016   Code   RO          252    .text               c_w.l(_rserrno.o)
    0x000018da   0x000000b8   Code   RO          254    .text               c_w.l(_printf_intcommon.o)
    0x00001992   0x00000420   Code   RO          256    .text               c_w.l(_printf_fp_dec.o)
    0x00001db2   0x00000002   PAD
    0x00001db4   0x00000030   Code   RO          258    .text               c_w.l(_printf_char_common.o)
    0x00001de4   0x0000000a   Code   RO          260    .text               c_w.l(_sputc.o)
    0x00001dee   0x00000070   Code   RO          263    .text               c_w.l(strtol.o)
    0x00001e5e   0x00000002   PAD
    0x00001e60   0x00000008   Code   RO          292    .text               c_w.l(libspace.o)
    0x00001e68   0x00000010   Code   RO          310    .text               c_w.l(rt_ctype_table.o)
    0x00001e78   0x00000008   Code   RO          317    .text               c_w.l(rt_locale_intlibspace.o)
    0x00001e80   0x0000008a   Code   RO          319    .text               c_w.l(lludiv10.o)
    0x00001f0a   0x00000002   PAD
    0x00001f0c   0x00000080   Code   RO          321    .text               c_w.l(_printf_fp_infnan.o)
    0x00001f8c   0x0000009e   Code   RO          325    .text               c_w.l(_strtoul.o)
    0x0000202a   0x00000002   PAD
    0x0000202c   0x000000e4   Code   RO          327    .text               c_w.l(bigflt0.o)
    0x00002110   0x0000004a   Code   RO          369    .text               c_w.l(sys_stackheap_outer.o)
    0x0000215a   0x0000001c   Code   RO          371    .text               c_w.l(_chval.o)
    0x00002176   0x0000000c   Code   RO          376    .text               c_w.l(exit.o)
    0x00002182   0x00000002   PAD
    0x00002184   0x00000080   Code   RO          382    .text               c_w.l(strcmpv7m.o)
    0x00002204   0x0000000c   Code   RO          449    .text               c_w.l(sys_exit.o)
    0x00002210   0x0000003e   Code   RO          330    CL$$btod_d2e        c_w.l(btod.o)
    0x0000224e   0x00000046   Code   RO          332    CL$$btod_d2e_denorm_low  c_w.l(btod.o)
    0x00002294   0x00000060   Code   RO          331    CL$$btod_d2e_norm_op1  c_w.l(btod.o)
    0x000022f4   0x00000338   Code   RO          340    CL$$btod_div_common  c_w.l(btod.o)
    0x0000262c   0x000000c6   Code   RO          337    CL$$btod_e2e        c_w.l(btod.o)
    0x000026f2   0x00000028   Code   RO          334    CL$$btod_ediv       c_w.l(btod.o)
    0x0000271a   0x00000028   Code   RO          333    CL$$btod_emul       c_w.l(btod.o)
    0x00002742   0x00000244   Code   RO          339    CL$$btod_mult_common  c_w.l(btod.o)
    0x00002986   0x00000028   Code   RO          365    i.__ARM_fpclassify  m_ws.l(fpclassify.o)
    0x000029ae   0x00000002   PAD
    0x000029b0   0x00000388   Code   RO          281    i.__ieee754_rem_pio2  m_ws.l(rred.o)
    0x00002d38   0x000000fc   Code   RO          278    i.__kernel_cos      m_ws.l(cos_i.o)
    0x00002e34   0x000000aa   Code   RO          367    i.__kernel_poly     m_ws.l(poly.o)
    0x00002ede   0x00000002   PAD
    0x00002ee0   0x000000ec   Code   RO          286    i.__kernel_sin      m_ws.l(sin_i.o)
    0x00002fcc   0x00000010   Code   RO          363    i.__mathlib_dbl_underflow  m_ws.l(dunder.o)
    0x00002fdc   0x0000000e   Code   RO          161    i._is_digit         c_w.l(__printf_wp.o)
    0x00002fea   0x00000002   PAD
    0x00002fec   0x000000b0   Code   RO          235    i.sin               m_ws.l(sin.o)
    0x0000309c   0x0000002c   Code   RO          353    locale$$code        c_w.l(lc_numeric_c.o)
    0x000030c8   0x0000002c   Code   RO          374    locale$$code        c_w.l(lc_ctype_c.o)
    0x000030f4   0x00000062   Code   RO          180    x$fpl$d2f           fz_ws.l(d2f.o)
    0x00003156   0x00000002   PAD
    0x00003158   0x00000150   Code   RO          182    x$fpl$dadd          fz_ws.l(daddsub_clz.o)
    0x000032a8   0x00000010   Code   RO          355    x$fpl$dcheck1       fz_ws.l(dcheck1.o)
    0x000032b8   0x000002b0   Code   RO          189    x$fpl$ddiv          fz_ws.l(ddiv.o)
    0x00003568   0x0000005e   Code   RO          357    x$fpl$dfix          fz_ws.l(dfix.o)
    0x000035c6   0x00000002   PAD
    0x000035c8   0x0000005a   Code   RO          192    x$fpl$dfixu         fz_ws.l(dfixu.o)
    0x00003622   0x0000002e   Code   RO          197    x$fpl$dflt          fz_ws.l(dflt_clz.o)
    0x00003650   0x00000026   Code   RO          196    x$fpl$dfltu         fz_ws.l(dflt_clz.o)
    0x00003676   0x00000002   PAD
    0x00003678   0x00000154   Code   RO          202    x$fpl$dmul          fz_ws.l(dmul.o)
    0x000037cc   0x0000009c   Code   RO          265    x$fpl$dnaninf       fz_ws.l(dnaninf.o)
    0x00003868   0x0000000c   Code   RO          267    x$fpl$dretinf       fz_ws.l(dretinf.o)
    0x00003874   0x00000016   Code   RO          183    x$fpl$drsb          fz_ws.l(daddsub_clz.o)
    0x0000388a   0x00000002   PAD
    0x0000388c   0x000001d4   Code   RO          184    x$fpl$dsub          fz_ws.l(daddsub_clz.o)
    0x00003a60   0x00000056   Code   RO          204    x$fpl$f2d           fz_ws.l(f2d.o)
    0x00003ab6   0x00000002   PAD
    0x00003ab8   0x000000c4   Code   RO          206    x$fpl$fadd          fz_ws.l(faddsub_clz.o)
    0x00003b7c   0x00000018   Code   RO          269    x$fpl$fcmpinf       fz_ws.l(fcmpi.o)
    0x00003b94   0x00000184   Code   RO          213    x$fpl$fdiv          fz_ws.l(fdiv.o)
    0x00003d18   0x0000003e   Code   RO          216    x$fpl$ffixu         fz_ws.l(ffixu.o)
    0x00003d56   0x00000002   PAD
    0x00003d58   0x00000030   Code   RO          221    x$fpl$fflt          fz_ws.l(fflt_clz.o)
    0x00003d88   0x00000026   Code   RO          220    x$fpl$ffltu         fz_ws.l(fflt_clz.o)
    0x00003dae   0x00000002   PAD
    0x00003db0   0x00000068   Code   RO          226    x$fpl$fleqf         fz_ws.l(fleqf.o)
    0x00003e18   0x00000102   Code   RO          228    x$fpl$fmul          fz_ws.l(fmul.o)
    0x00003f1a   0x0000008c   Code   RO          271    x$fpl$fnaninf       fz_ws.l(fnaninf.o)
    0x00003fa6   0x0000000a   Code   RO          273    x$fpl$fretinf       fz_ws.l(fretinf.o)
    0x00003fb0   0x00000062   Code   RO          230    x$fpl$frleqf        fz_ws.l(frleqf.o)
    0x00004012   0x00000002   PAD
    0x00004014   0x000000ea   Code   RO          208    x$fpl$fsub          fz_ws.l(faddsub_clz.o)
    0x000040fe   0x00000004   Code   RO          232    x$fpl$printf1       fz_ws.l(printf1.o)
    0x00004102   0x00000064   Code   RO          433    x$fpl$retnan        fz_ws.l(retnan.o)
    0x00004166   0x0000005c   Code   RO          275    x$fpl$scalbn        fz_ws.l(scalbn.o)
    0x000041c2   0x00000030   Code   RO          447    x$fpl$trapveneer    fz_ws.l(trapv.o)
    0x000041f2   0x00000002   PAD
    0x000041f4   0x00000020   Data   RO           60    .constdata          main.o
    0x00004214   0x00000004   PAD
    0x00004218   0x00000030   Data   RO          279    .constdata          m_ws.l(cos_i.o)
    0x00004248   0x000000c8   Data   RO          283    .constdata          m_ws.l(rred.o)
    0x00004310   0x00000028   Data   RO          287    .constdata          m_ws.l(sin_i.o)
    0x00004338   0x00000094   Data   RO          328    .constdata          c_w.l(bigflt0.o)
    0x000043cc   0x00000020   Data   RO          515    Region$$Table       anon$$obj.o
    0x000043ec   0x0000001c   Data   RO          352    locale$$data        c_w.l(lc_numeric_c.o)
    0x00004408   0x00000110   Data   RO          373    locale$$data        c_w.l(lc_ctype_c.o)


    Execution Region ER_RW (Base: 0x10000000, Size: 0x00000044, Max: 0xffffffff, ABSOLUTE)

    Base Addr    Size         Type   Attr      Idx    E Section Name        Object

    0x10000000   0x00000004   Data   RW           16    .data               system_lpc17xx.o
    0x10000004   0x0000003f   Data   RW           61    .data               main.o


    Execution Region ER_ZI (Base: 0x10000044, Size: 0x00000384, Max: 0xffffffff, ABSOLUTE)

    Base Addr    Size         Type   Attr      Idx    E Section Name        Object

    0x10000044   0x00000122   Zero   RW           59    .bss                main.o
    0x10000166   0x00000002   PAD
    0x10000168   0x00000060   Zero   RW          293    .bss                c_w.l(libspace.o)
    0x100001c8   0x00000000   Zero   RW            2    HEAP                startup_lpc17xx.o
    0x100001c8   0x00000200   Zero   RW            1    STACK               startup_lpc17xx.o


==============================================================================

Image component sizes


      Code (inc. data)   RO Data    RW Data    ZI Data      Debug   Object Name

      3780        818         32         63        290      31300   main.o
        64         26        204          0        512       1052   startup_lpc17xx.o
       792         78          0          4          0      22049   system_lpc17xx.o
       500         36          0          0          0      25313   uart.o

    ----------------------------------------------------------------------
      5136        958        272         68        804      79714   Object Totals
         0          0         32          0          0          0   (incl. Generated)
         0          0          4          1          2          0   (incl. Padding)

    ----------------------------------------------------------------------

      Code (inc. data)   RO Data    RW Data    ZI Data      Debug   Library Member Name

         8          0          0          0          0         68   __main.o
       284          0          0          0          0        156   __printf_wp.o
        52          8          0          0          0          0   __scatter.o
        26          0          0          0          0          0   __scatter_copy.o
        28          0          0          0          0          0   __scatter_zi.o
        28          0          0          0          0         68   _chval.o
        48          6          0          0          0         96   _printf_char_common.o
         6          0          0          0          0          0   _printf_d.o
       120         18          0          0          0         92   _printf_dec.o
         6          0          0          0          0          0   _printf_f.o
      1056          0          0          0          0        216   _printf_fp_dec.o
       128         16          0          0          0         84   _printf_fp_infnan.o
       184          0          0          0          0         88   _printf_intcommon.o
        82          0          0          0          0        108   _printf_pad.o
         0          0          0          0          0          0   _printf_percent.o
         4          0          0          0          0          0   _printf_percent_end.o
        22          0          0          0          0        100   _rserrno.o
        10          0          0          0          0         68   _sputc.o
       158          0          0          0          0         92   _strtoul.o
        26          0          0          0          0         80   atoi.o
       228          6        148          0          0         96   bigflt0.o
      1910        128          0          0          0        672   btod.o
        12          0          0          0          0         72   exit.o
         6          0          0          0          0        152   heapauxi.o
         0          0          0          0          0          0   indicate_semi.o
        44         10        272          0          0         76   lc_ctype_c.o
        44         10         28          0          0         76   lc_numeric_c.o
         2          0          0          0          0          0   libinit.o
        30          0          0          0          0          0   libinit2.o
         2          0          0          0          0          0   libshutdown.o
         2          0          0          0          0          0   libshutdown2.o
         8          4          0          0         96         68   libspace.o
       138          0          0          0          0         80   lludiv10.o
       238          0          0          0          0        100   lludivv7m.o
        40          6          0          0          0         84   noretval__2sprintf.o
        16          4          0          0          0         76   rt_ctype_table.o
         8          4          0          0          0         68   rt_errno_addr_intlibspace.o
         8          4          0          0          0         68   rt_locale_intlibspace.o
         0          0          0          0          0          0   rtentry.o
        12          0          0          0          0          0   rtentry2.o
         6          0          0          0          0          0   rtentry4.o
         2          0          0          0          0          0   rtexit.o
        10          0          0          0          0          0   rtexit2.o
       128          0          0          0          0         68   strcmpv7m.o
       112          0          0          0          0         88   strtol.o
        12          4          0          0          0         68   sys_exit.o
        74          0          0          0          0         80   sys_stackheap_outer.o
         2          0          0          0          0         68   use_no_semi.o
        98          4          0          0          0         92   d2f.o
       826         16          0          0          0        348   daddsub_clz.o
        16          4          0          0          0         68   dcheck1.o
       688        140          0          0          0        208   ddiv.o
        94          4          0          0          0         92   dfix.o
        90          4          0          0          0         92   dfixu.o
        84          0          0          0          0        136   dflt_clz.o
       340         12          0          0          0        104   dmul.o
       156          4          0          0          0         92   dnaninf.o
        12          0          0          0          0         68   dretinf.o
        86          4          0          0          0         84   f2d.o
       430          8          0          0          0        168   faddsub_clz.o
        24          0          0          0          0         68   fcmpi.o
       388         76          0          0          0         96   fdiv.o
        62          4          0          0          0         84   ffixu.o
        86          0          0          0          0        136   fflt_clz.o
       104          4          0          0          0         84   fleqf.o
       258          4          0          0          0         84   fmul.o
       140          4          0          0          0         84   fnaninf.o
        10          0          0          0          0         68   fretinf.o
        98          0          0          0          0         68   frleqf.o
         4          0          0          0          0         68   printf1.o
       100          0          0          0          0         68   retnan.o
        92          0          0          0          0         68   scalbn.o
        48          0          0          0          0         68   trapv.o
         0          0          0          0          0          0   usenofp.o
       252         22         48          0          0        124   cos_i.o
        16          6          0          0          0         68   dunder.o
        40          0          0          0          0         68   fpclassify.o
       170          0          0          0          0         96   poly.o
       904         72        200          0          0        140   rred.o
       176         10          0          0          0        116   sin.o
       236         12         40          0          0        128   sin_i.o

    ----------------------------------------------------------------------
     11544        642        736          0         96       6712   Library Totals
        46          0          0          0          0          0   (incl. Padding)

    ----------------------------------------------------------------------

      Code (inc. data)   RO Data    RW Data    ZI Data      Debug   Library Name

      5370        228        448          0         96       3376   c_w.l
      4334        292          0          0          0       2596   fz_ws.l
      1794        122        288          0          0        740   m_ws.l

    ----------------------------------------------------------------------
     11544        642        736          0         96       6712   Library Totals

    ----------------------------------------------------------------------

==============================================================================


      Code (inc. data)   RO Data    RW Data    ZI Data      Debug   

     16680       1600       1008         68        900      82214   Grand Totals
     16680       1600       1008         68        900      82214   ELF Image Totals
     16680       1600       1008         68          0          0   ROM Totals

==============================================================================

    Total RO  Size (Code + RO Data)                17688 (  17.27kB)
    Total RW  Size (RW Data + ZI Data)               968 (   0.95kB)
    Total ROM Size (Code + RO Data + RW Data)      17756 (  17.34kB)

==============================================================================

