<html>
<body>
<pre>
<h1>µVision Build Log</h1>
<h2>Project:</h2>
C:\Users\vladkrav95\OneDrive\Proyecto EDI\EDI-Vladkrav.uvproj
Project File Date:  12/13/2017

<h2>Output:</h2>
Rebuild target 'Target 1'
assembling startup_LPC17xx.s...
compiling system_LPC17xx.c...
compiling uart.c...
compiling font.c...
compiling lcddriver.c...
compiling lpc17xx_clkpwr.c...
compiling lpc17xx_gpio.c...
compiling main.c...
linking...
Program Size: Code=20354 RO-data=8222 RW-data=76 ZI-data=900  
".\EDI.axf" - 0 Error(s), 0 Warning(s).
</pre>
</body>
</html>
5\\OneDrive\\Proyecto EDI\\EDI.axf" 
Erase Done.
Programming Done.
Verify OK.
