<html>
<body>
<pre>
<h1>µVision Build Log</h1>
<h2>Project:</h2>
C:\Users\adria\OneDrive\Electrónica y automática industrial\3º - 1er Cuatrimestre\Sistemas electrónicos digitales\Proyecto EDI\EDI.uvproj
Project File Date:  10/18/2017

<h2>Output:</h2>
Rebuild target 'Target 1'
assembling startup_LPC17xx.s...
compiling system_LPC17xx.c...
compiling main.c...
linking...
Program Size: Code=1824 RO-data=268 RW-data=12 ZI-data=612  
".\EDI.axf" - 0 Error(s), 0 Warning(s).
Load "C:\\Users\\adria\\OneDrive\\Electrónica y automática industrial\\3º - 1er Cuatrimestre\\Sistemas electrónicos digitales\\Proyecto EDI\\EDI.axf" 
Erase Done.
Programming Done.
Verify OK.
</pre>
</body>
</html>
e\\Electrónica y automática industrial\\3º - 1er Cuatrimestre\\Sistemas electrónicos digitales\\Proyecto EDI\\EDI.axf" 
_____^
*** error 56: cannot open file
Error: Flash Download failed  -  Could not load file 'C:\Users\adria\OneDrive\Electrónica y automática industrial\3º - 1er Cuatrimestre\Sistemas electrónicos digitales\Proyecto EDI\EDI.axf'
Load "C:\\Users\\adria\\OneDrive\\Electrónica y automática industrial\\3º - 1er Cuatrimestre\\Sistemas electrónicos digitales\\Proyecto EDI\\EDI.axf" 
_____^
*** error 56: cannot open file
Error: Flash Download failed  -  Could not load file 'C:\Users\adria\OneDrive\Electrónica y automática industrial\3º - 1er Cuatrimestre\Sistemas electrónicos digitales\Proyecto EDI\EDI.axf'
re\Sistemas electrónicos digitales\Proyecto EDI\EDI.axf'
